Component: Arm Compiler for Embedded 6.18 Tool: armlink [5e4cc100]

==============================================================================

Section Cross References

    at32f415_clock.o(.text.system_clock_config) refers to at32f415_crm.o(.text.crm_reset) for crm_reset
    at32f415_clock.o(.text.system_clock_config) refers to at32f415_crm.o(.text.crm_clock_source_enable) for crm_clock_source_enable
    at32f415_clock.o(.text.system_clock_config) refers to at32f415_crm.o(.text.crm_hext_stable_wait) for crm_hext_stable_wait
    at32f415_clock.o(.text.system_clock_config) refers to at32f415_crm.o(.text.crm_pll_config) for crm_pll_config
    at32f415_clock.o(.text.system_clock_config) refers to at32f415_crm.o(.text.crm_flag_get) for crm_flag_get
    at32f415_clock.o(.text.system_clock_config) refers to at32f415_crm.o(.text.crm_ahb_div_set) for crm_ahb_div_set
    at32f415_clock.o(.text.system_clock_config) refers to at32f415_crm.o(.text.crm_apb2_div_set) for crm_apb2_div_set
    at32f415_clock.o(.text.system_clock_config) refers to at32f415_crm.o(.text.crm_apb1_div_set) for crm_apb1_div_set
    at32f415_clock.o(.text.system_clock_config) refers to at32f415_crm.o(.text.crm_auto_step_mode_enable) for crm_auto_step_mode_enable
    at32f415_clock.o(.text.system_clock_config) refers to at32f415_crm.o(.text.crm_sysclk_switch) for crm_sysclk_switch
    at32f415_clock.o(.text.system_clock_config) refers to at32f415_crm.o(.text.crm_sysclk_switch_status_get) for crm_sysclk_switch_status_get
    at32f415_clock.o(.text.system_clock_config) refers to system_at32f415.o(.text.system_core_clock_update) for system_core_clock_update
    at32f415_clock.o(.ARM.exidx.text.system_clock_config) refers to at32f415_clock.o(.text.system_clock_config) for [Anonymous Symbol]
    at32f415_int.o(.ARM.exidx.text.NMI_Handler) refers to at32f415_int.o(.text.NMI_Handler) for [Anonymous Symbol]
    at32f415_int.o(.ARM.exidx.text.HardFault_Handler) refers to at32f415_int.o(.text.HardFault_Handler) for [Anonymous Symbol]
    at32f415_int.o(.ARM.exidx.text.MemManage_Handler) refers to at32f415_int.o(.text.MemManage_Handler) for [Anonymous Symbol]
    at32f415_int.o(.ARM.exidx.text.BusFault_Handler) refers to at32f415_int.o(.text.BusFault_Handler) for [Anonymous Symbol]
    at32f415_int.o(.ARM.exidx.text.UsageFault_Handler) refers to at32f415_int.o(.text.UsageFault_Handler) for [Anonymous Symbol]
    at32f415_int.o(.ARM.exidx.text.SVC_Handler) refers to at32f415_int.o(.text.SVC_Handler) for [Anonymous Symbol]
    at32f415_int.o(.ARM.exidx.text.DebugMon_Handler) refers to at32f415_int.o(.text.DebugMon_Handler) for [Anonymous Symbol]
    at32f415_int.o(.ARM.exidx.text.PendSV_Handler) refers to at32f415_int.o(.text.PendSV_Handler) for [Anonymous Symbol]
    at32f415_int.o(.ARM.exidx.text.SysTick_Handler) refers to at32f415_int.o(.text.SysTick_Handler) for [Anonymous Symbol]
    main.o(.text.usart_configuration) refers to at32f415_crm.o(.text.crm_periph_clock_enable) for crm_periph_clock_enable
    main.o(.text.usart_configuration) refers to at32f415_gpio.o(.text.gpio_default_para_init) for gpio_default_para_init
    main.o(.text.usart_configuration) refers to at32f415_gpio.o(.text.gpio_init) for gpio_init
    main.o(.text.usart_configuration) refers to at32f415_usart.o(.text.usart_init) for usart_init
    main.o(.text.usart_configuration) refers to at32f415_usart.o(.text.usart_parity_selection_config) for usart_parity_selection_config
    main.o(.text.usart_configuration) refers to at32f415_usart.o(.text.usart_hardware_flow_control_set) for usart_hardware_flow_control_set
    main.o(.text.usart_configuration) refers to at32f415_usart.o(.text.usart_transmitter_enable) for usart_transmitter_enable
    main.o(.text.usart_configuration) refers to at32f415_usart.o(.text.usart_receiver_enable) for usart_receiver_enable
    main.o(.text.usart_configuration) refers to at32f415_usart.o(.text.usart_enable) for usart_enable
    main.o(.ARM.exidx.text.usart_configuration) refers to main.o(.text.usart_configuration) for [Anonymous Symbol]
    main.o(.text.main) refers to at32f415_clock.o(.text.system_clock_config) for system_clock_config
    main.o(.text.main) refers to at32f415_board.o(.text.at32_board_init) for at32_board_init
    main.o(.text.main) refers to main.o(.text.usart_configuration) for usart_configuration
    main.o(.text.main) refers to at32f415_board.o(.text.uart_print_init) for uart_print_init
    main.o(.text.main) refers to main.o(.bss.receivingComplete) for receivingComplete
    main.o(.text.main) refers to main.o(.bss.usart2_rx_buffer) for usart2_rx_buffer
    main.o(.text.main) refers to main.o(.rodata.str1.1) for .L.str.2
    main.o(.text.main) refers to noretval__2printf.o(.text) for __2printf
    main.o(.text.main) refers to at32f415_usart.o(.text.usart_flag_get) for usart_flag_get
    main.o(.text.main) refers to at32f415_usart.o(.text.usart_data_transmit) for usart_data_transmit
[...]
    system_at32f415.o(.text.system_core_clock_update) refers to system_at32f415.o(.data.system_core_clock) for system_core_clock
    system_at32f415.o(.ARM.exidx.text.system_core_clock_update) refers to system_at32f415.o(.text.system_core_clock_update) for [Anonymous Symbol]
    startup_at32f415.o(STACK) refers (Special) to heapauxi.o(.text) for __use_two_region_memory
    startup_at32f415.o(HEAP) refers (Special) to heapauxi.o(.text) for __use_two_region_memory
    startup_at32f415.o(RESET) refers (Special) to heapauxi.o(.text) for __use_two_region_memory
    startup_at32f415.o(RESET) refers to startup_at32f415.o(STACK) for __initial_sp
    startup_at32f415.o(RESET) refers to startup_at32f415.o(.text) for Reset_Handler
    startup_at32f415.o(RESET) refers to at32f415_int.o(.text.NMI_Handler) for NMI_Handler
    startup_at32f415.o(RESET) refers to at32f415_int.o(.text.HardFault_Handler) for HardFault_Handler
    startup_at32f415.o(RESET) refers to at32f415_int.o(.text.MemManage_Handler) for MemManage_Handler
    startup_at32f415.o(RESET) refers to at32f415_int.o(.text.BusFault_Handler) for BusFault_Handler
    startup_at32f415.o(RESET) refers to at32f415_int.o(.text.UsageFault_Handler) for UsageFault_Handler
    startup_at32f415.o(RESET) refers to at32f415_int.o(.text.SVC_Handler) for SVC_Handler
    startup_at32f415.o(RESET) refers to at32f415_int.o(.text.DebugMon_Handler) for DebugMon_Handler
    startup_at32f415.o(RESET) refers to at32f415_int.o(.text.PendSV_Handler) for PendSV_Handler
    startup_at32f415.o(RESET) refers to at32f415_int.o(.text.SysTick_Handler) for SysTick_Handler
    startup_at32f415.o(.text) refers (Special) to heapauxi.o(.text) for __use_two_region_memory
    startup_at32f415.o(.text) refers to system_at32f415.o(.text.SystemInit) for SystemInit
    startup_at32f415.o(.text) refers to __main.o(!!!main) for __main
    startup_at32f415.o(.text) refers to startup_at32f415.o(HEAP) for Heap_Mem
    startup_at32f415.o(.text) refers to startup_at32f415.o(STACK) for Stack_Mem
    use_no_semi_2.o(.text) refers (Special) to use_no_semi.o(.text) for __use_no_semihosting_swi
    __2printf.o(.text) refers to _printf_char_file.o(.text) for _printf_char_file
    __2printf.o(.text) refers to at32f415_board.o(.bss.__stdout) for __stdout
    noretval__2printf.o(.text) refers to _printf_char_file.o(.text) for _printf_char_file
    noretval__2printf.o(.text) refers to at32f415_board.o(.bss.__stdout) for __stdout
    putchar.o(.text) refers to at32f415_board.o(.text.fputc) for fputc
    putchar.o(.text) refers to at32f415_board.o(.bss.__stdout) for __stdout
    __main.o(!!!main) refers to __rtentry.o(.ARM.Collect$$rtentry$$00000000) for __rt_entry
    __rtentry.o(.ARM.Collect$$rtentry$$00000000) refers (Special) to __rtentry2.o(.ARM.Collect$$rtentry$$0000000A) for __rt_entry_li
    __rtentry.o(.ARM.Collect$$rtentry$$00000000) refers (Special) to __rtentry2.o(.ARM.Collect$$rtentry$$0000000D) for __rt_entry_main
    __rtentry.o(.ARM.Collect$$rtentry$$00000000) refers (Special) to __rtentry2.o(.ARM.Collect$$rtentry$$0000000C) for __rt_entry_postli_1
    __rtentry.o(.ARM.Collect$$rtentry$$00000000) refers (Special) to __rtentry2.o(.ARM.Collect$$rtentry$$00000009) for __rt_entry_postsh_1
    __rtentry.o(.ARM.Collect$$rtentry$$00000000) refers (Special) to __rtentry2.o(.ARM.Collect$$rtentry$$00000002) for __rt_entry_presh_1
    __rtentry.o(.ARM.Collect$$rtentry$$00000000) refers (Special) to __rtentry4.o(.ARM.Collect$$rtentry$$00000004) for __rt_entry_sh
    _printf_char_file.o(.text) refers to _printf_char_common.o(.text) for _printf_char_common
    _printf_char_file.o(.text) refers to ferror.o(.text) for ferror
    _printf_char_file.o(.text) refers to at32f415_board.o(.text.fputc) for fputc
    __rtentry2.o(.ARM.Collect$$rtentry$$00000008) refers to boardinit2.o(.text) for _platform_post_stackheap_init
    __rtentry2.o(.ARM.Collect$$rtentry$$0000000A) refers to libinit.o(.ARM.Collect$$libinit$$00000000) for __rt_lib_init
    __rtentry2.o(.ARM.Collect$$rtentry$$0000000B) refers to boardinit3.o(.text) for _platform_post_lib_init
    __rtentry2.o(.ARM.Collect$$rtentry$$0000000D) refers to main.o(.text.main) for main
    __rtentry2.o(.ARM.Collect$$rtentry$$0000000D) refers to exit.o(.text) for exit
    __rtentry2.o(.ARM.exidx) refers to __rtentry2.o(.ARM.Collect$$rtentry$$00000001) for .ARM.Collect$$rtentry$$00000001
    __rtentry2.o(.ARM.exidx) refers to __rtentry2.o(.ARM.Collect$$rtentry$$00000008) for .ARM.Collect$$rtentry$$00000008
    __rtentry2.o(.ARM.exidx) refers to __rtentry2.o(.ARM.Collect$$rtentry$$0000000A) for .ARM.Collect$$rtentry$$0000000A
    __rtentry2.o(.ARM.exidx) refers to __rtentry2.o(.ARM.Collect$$rtentry$$0000000B) for .ARM.Collect$$rtentry$$0000000B
    __rtentry2.o(.ARM.exidx) refers to __rtentry2.o(.ARM.Collect$$rtentry$$0000000D) for .ARM.Collect$$rtentry$$0000000D
    __rtentry4.o(.ARM.Collect$$rtentry$$00000004) refers to sys_stackheap_outer.o(.text) for __user_setup_stackheap
    __rtentry4.o(.ARM.exidx) refers to __rtentry4.o(.ARM.Collect$$rtentry$$00000004) for .ARM.Collect$$rtentry$$00000004
    _printf_char_common.o(.text) refers to __printf_nopercent.o(.text) for __printf
    sys_stackheap_outer.o(.text) refers to libspace.o(.text) for __user_perproc_libspace
    sys_stackheap_outer.o(.text) refers to startup_at32f415.o(.text) for __user_initial_stackheap
    exit.o(.text) refers to rtexit.o(.ARM.Collect$$rtexit$$00000000) for __rt_exit
    libinit.o(.ARM.Collect$$libinit$$00000000) refers (Special) to libinit2.o(.ARM.Collect$$libinit$$00000030) for __rt_lib_init_alloca_1
    libinit.o(.ARM.Collect$$libinit$$00000000) refers (Special) to libinit2.o(.ARM.Collect$$libinit$$0000002E) for __rt_lib_init_argv_1
    libinit.o(.ARM.Collect$$libinit$$00000000) refers (Special) to libinit2.o(.ARM.Collect$$libinit$$0000001D) for __rt_lib_init_atexit_1
    libinit.o(.ARM.Collect$$libinit$$00000000) refers (Special) to libinit2.o(.ARM.Collect$$libinit$$00000023) for __rt_lib_init_clock_1
    libinit.o(.ARM.Collect$$libinit$$00000000) refers (Special) to libinit2.o(.ARM.Collect$$libinit$$00000034) for __rt_lib_init_cpp_1
    libinit.o(.ARM.Collect$$libinit$$00000000) refers (Special) to libinit2.o(.ARM.Collect$$libinit$$00000032) for __rt_lib_init_exceptions_1
    libinit.o(.ARM.Collect$$libinit$$00000000) refers (Special) to libinit2.o(.ARM.Collect$$libinit$$00000002) for __rt_lib_init_fp_1
    libinit.o(.ARM.Collect$$libinit$$00000000) refers (Special) to libinit2.o(.ARM.Collect$$libinit$$00000021) for __rt_lib_init_fp_trap_1
    libinit.o(.ARM.Collect$$libinit$$00000000) refers (Special) to libinit2.o(.ARM.Collect$$libinit$$00000025) for __rt_lib_init_getenv_1
    libinit.o(.ARM.Collect$$libinit$$00000000) refers (Special) to libinit2.o(.ARM.Collect$$libinit$$0000000C) for __rt_lib_init_heap_1
    libinit.o(.ARM.Collect$$libinit$$00000000) refers (Special) to libinit2.o(.ARM.Collect$$libinit$$00000013) for __rt_lib_init_lc_collate_1
    libinit.o(.ARM.Collect$$libinit$$00000000) refers (Special) to libinit2.o(.ARM.Collect$$libinit$$00000015) for __rt_lib_init_lc_ctype_1
    libinit.o(.ARM.Collect$$libinit$$00000000) refers (Special) to libinit2.o(.ARM.Collect$$libinit$$00000017) for __rt_lib_init_lc_monetary_1
    libinit.o(.ARM.Collect$$libinit$$00000000) refers (Special) to libinit2.o(.ARM.Collect$$libinit$$00000019) for __rt_lib_init_lc_numeric_1
    libinit.o(.ARM.Collect$$libinit$$00000000) refers (Special) to libinit2.o(.ARM.Collect$$libinit$$0000001B) for __rt_lib_init_lc_time_1
    libinit.o(.ARM.Collect$$libinit$$00000000) refers (Special) to libinit2.o(.ARM.Collect$$libinit$$00000006) for __rt_lib_init_preinit_1
    libinit.o(.ARM.Collect$$libinit$$00000000) refers (Special) to libinit2.o(.ARM.Collect$$libinit$$00000010) for __rt_lib_init_rand_1
    libinit.o(.ARM.Collect$$libinit$$00000000) refers (Special) to libinit2.o(.ARM.Collect$$libinit$$00000004) for __rt_lib_init_relocate_pie_1
    libinit.o(.ARM.Collect$$libinit$$00000000) refers (Special) to libinit2.o(.ARM.Collect$$libinit$$00000035) for __rt_lib_init_return
    libinit.o(.ARM.Collect$$libinit$$00000000) refers (Special) to libinit2.o(.ARM.Collect$$libinit$$0000001F) for __rt_lib_init_signal_1
    libinit.o(.ARM.Collect$$libinit$$00000000) refers (Special) to libinit2.o(.ARM.Collect$$libinit$$00000027) for __rt_lib_init_stdio_1
    libinit.o(.ARM.Collect$$libinit$$00000000) refers (Special) to libinit2.o(.ARM.Collect$$libinit$$0000000E) for __rt_lib_init_user_alloc_1
    libspace.o(.text) refers to libspace.o(.bss) for __libspace_start
    rtexit.o(.ARM.Collect$$rtexit$$00000000) refers (Special) to rtexit2.o(.ARM.Collect$$rtexit$$00000004) for __rt_exit_exit
    rtexit.o(.ARM.Collect$$rtexit$$00000000) refers (Special) to rtexit2.o(.ARM.Collect$$rtexit$$00000003) for __rt_exit_ls
    rtexit.o(.ARM.Collect$$rtexit$$00000000) refers (Special) to rtexit2.o(.ARM.Collect$$rtexit$$00000002) for __rt_exit_prels_1
    rtexit.o(.ARM.exidx) refers (Special) to rtexit2.o(.ARM.Collect$$rtexit$$00000004) for __rt_exit_exit
    rtexit.o(.ARM.exidx) refers (Special) to rtexit2.o(.ARM.Collect$$rtexit$$00000003) for __rt_exit_ls
    rtexit.o(.ARM.exidx) refers (Special) to rtexit2.o(.ARM.Collect$$rtexit$$00000002) for __rt_exit_prels_1
    rtexit.o(.ARM.exidx) refers to rtexit.o(.ARM.Collect$$rtexit$$00000000) for .ARM.Collect$$rtexit$$00000000
    libinit2.o(.ARM.Collect$$libinit$$00000012) refers to libinit2.o(.ARM.Collect$$libinit$$00000011) for .ARM.Collect$$libinit$$00000011
    libinit2.o(.ARM.Collect$$libinit$$00000014) refers to libinit2.o(.ARM.Collect$$libinit$$00000011) for .ARM.Collect$$libinit$$00000011
    libinit2.o(.ARM.Collect$$libinit$$00000016) refers to libinit2.o(.ARM.Collect$$libinit$$00000011) for .ARM.Collect$$libinit$$00000011
    libinit2.o(.ARM.Collect$$libinit$$00000018) refers to libinit2.o(.ARM.Collect$$libinit$$00000011) for .ARM.Collect$$libinit$$00000011
    libinit2.o(.ARM.Collect$$libinit$$0000001A) refers to libinit2.o(.ARM.Collect$$libinit$$00000011) for .ARM.Collect$$libinit$$00000011
    libinit2.o(.ARM.Collect$$libinit$$00000028) refers to argv_veneer.o(.emb_text) for __ARM_argv_veneer
    libinit2.o(.ARM.Collect$$libinit$$00000029) refers to argv_veneer.o(.emb_text) for __ARM_argv_veneer
    rtexit2.o(.ARM.Collect$$rtexit$$00000003) refers to libshutdown.o(.ARM.Collect$$libshutdown$$00000000) for __rt_lib_shutdown
    rtexit2.o(.ARM.Collect$$rtexit$$00000004) refers to at32f415_board.o(.text._sys_exit) for _sys_exit
    rtexit2.o(.ARM.exidx) refers to rtexit2.o(.ARM.Collect$$rtexit$$00000001) for .ARM.Collect$$rtexit$$00000001
    rtexit2.o(.ARM.exidx) refers to rtexit2.o(.ARM.Collect$$rtexit$$00000003) for .ARM.Collect$$rtexit$$00000003
    rtexit2.o(.ARM.exidx) refers to rtexit2.o(.ARM.Collect$$rtexit$$00000004) for .ARM.Collect$$rtexit$$00000004
    argv_veneer.o(.emb_text) refers to no_argv.o(.text) for __ARM_get_argv
    _get_argv_nomalloc.o(.text) refers (Special) to hrguard.o(.text) for __heap_region$guard
    _get_argv_nomalloc.o(.text) refers to defsig_rtmem_outer.o(.text) for __rt_SIGRTMEM
    _get_argv_nomalloc.o(.text) refers to sys_command.o(.text) for _sys_command_string
    libshutdown.o(.ARM.Collect$$libshutdown$$00000000) refers (Special) to libshutdown2.o(.ARM.Collect$$libshutdown$$00000002) for __rt_lib_shutdown_cpp_1
    libshutdown.o(.ARM.Collect$$libshutdown$$00000000) refers (Special) to libshutdown2.o(.ARM.Collect$$libshutdown$$00000007) for __rt_lib_shutdown_fp_trap_1
    libshutdown.o(.ARM.Collect$$libshutdown$$00000000) refers (Special) to libshutdown2.o(.ARM.Collect$$libshutdown$$0000000F) for __rt_lib_shutdown_heap_1
    libshutdown.o(.ARM.Collect$$libshutdown$$00000000) refers (Special) to libshutdown2.o(.ARM.Collect$$libshutdown$$00000010) for __rt_lib_shutdown_return
    libshutdown.o(.ARM.Collect$$libshutdown$$00000000) refers (Special) to libshutdown2.o(.ARM.Collect$$libshutdown$$0000000A) for __rt_lib_shutdown_signal_1
    libshutdown.o(.ARM.Collect$$libshutdown$$00000000) refers (Special) to libshutdown2.o(.ARM.Collect$$libshutdown$$00000004) for __rt_lib_shutdown_stdio_1
    libshutdown.o(.ARM.Collect$$libshutdown$$00000000) refers (Special) to libshutdown2.o(.ARM.Collect$$libshutdown$$0000000C) for __rt_lib_shutdown_user_alloc_1
    sys_command.o(.text) refers (Special) to use_no_semi.o(.text) for __I$use$semihosting
    sys_command.o(.text) refers (Special) to indicate_semi.o(.text) for __semihosting_library_function
    sys_command_hlt.o(.text) refers (Special) to use_no_semi.o(.text) for __I$use$semihosting
    sys_command_hlt.o(.text) refers (Special) to indicate_semi.o(.text) for __semihosting_library_function
    defsig_rtmem_outer.o(.text) refers to defsig_rtmem_inner.o(.text) for __rt_SIGRTMEM_inner
    defsig_rtmem_outer.o(.text) refers to defsig_exit.o(.text) for __sig_exit
    defsig_rtmem_formal.o(.text) refers to rt_raise.o(.text) for __rt_raise
    rt_raise.o(.text) refers to __raise.o(.text) for __raise
    rt_raise.o(.text) refers to at32f415_board.o(.text._sys_exit) for _sys_exit
    defsig_exit.o(.text) refers to at32f415_board.o(.text._sys_exit) for _sys_exit
    defsig_rtmem_inner.o(.text) refers to defsig_general.o(.text) for __default_signal_display
    __raise.o(.text) refers to defsig.o(CL$$defsig) for __default_signal_handler
    defsig_general.o(.text) refers to at32f415_board.o(.text._ttywrch) for _ttywrch
    defsig.o(CL$$defsig) refers to defsig_rtmem_inner.o(.text) for __rt_SIGRTMEM_inner
    defsig_abrt_inner.o(.text) refers to defsig_general.o(.text) for __default_signal_display
    defsig_fpe_inner.o(.text) refers to defsig_general.o(.text) for __default_signal_display
    defsig_rtred_inner.o(.text) refers to defsig_general.o(.text) for __default_signal_display
    defsig_stak_inner.o(.text) refers to defsig_general.o(.text) for __default_signal_display
    defsig_pvfn_inner.o(.text) refers to defsig_general.o(.text) for __default_signal_display
    defsig_cppl_inner.o(.text) refers to defsig_general.o(.text) for __default_signal_display
    defsig_segv_inner.o(.text) refers to defsig_general.o(.text) for __default_signal_display
    defsig_other.o(.text) refers to defsig_general.o(.text) for __default_signal_display


==============================================================================

Removing Unused input sections from the image.

    Removing at32f415_clock.o(.text), (0 bytes).
    Removing at32f415_clock.o(.ARM.exidx.text.system_clock_config), (8 bytes).
    Removing at32f415_int.o(.text), (0 bytes).
    Removing at32f415_int.o(.ARM.exidx.text.NMI_Handler), (8 bytes).
    Removing at32f415_int.o(.ARM.exidx.text.HardFault_Handler), (8 bytes).
    Removing at32f415_int.o(.ARM.exidx.text.MemManage_Handler), (8 bytes).
    Removing at32f415_int.o(.ARM.exidx.text.BusFault_Handler), (8 bytes).
    Removing at32f415_int.o(.ARM.exidx.text.UsageFault_Handler), (8 bytes).
    Removing at32f415_int.o(.ARM.exidx.text.SVC_Handler), (8 bytes).
    Removing at32f415_int.o(.ARM.exidx.text.DebugMon_Handler), (8 bytes).
    Removing at32f415_int.o(.ARM.exidx.text.PendSV_Handler), (8 bytes).
    Removing at32f415_int.o(.ARM.exidx.text.SysTick_Handler), (8 bytes).
    Removing main.o(.text), (0 bytes).
    Removing main.o(.ARM.exidx.text.usart_configuration), (8 bytes).
    Removing main.o(.ARM.exidx.text.main), (8 bytes).
    Removing main.o(.bss.usart2_rx_counter), (1 bytes).
    Removing main.o(.ARM.use_no_argv), (4 bytes).
    Removing at32f415_board.o(.text), (0 bytes).
    Removing at32f415_board.o(.ARM.exidx.text._sys_exit), (8 bytes).
    Removing at32f415_board.o(.text._ttywrch), (2 bytes).
    Removing at32f415_board.o(.ARM.exidx.text._ttywrch), (8 bytes).
    Removing at32f415_board.o(.ARM.exidx.text.fputc), (8 bytes).
    Removing at32f415_board.o(.ARM.exidx.text.uart_print_init), (8 bytes).
    Removing at32f415_board.o(.ARM.exidx.text.at32_board_init), (8 bytes).
    Removing at32f415_board.o(.text.delay_init), (62 bytes).
    Removing at32f415_board.o(.ARM.exidx.text.delay_init), (8 bytes).
    Removing at32f415_board.o(.text.at32_led_init), (78 bytes).
    Removing at32f415_board.o(.ARM.exidx.text.at32_led_init), (8 bytes).
    Removing at32f415_board.o(.text.at32_led_off), (38 bytes).
    Removing at32f415_board.o(.ARM.exidx.text.at32_led_off), (8 bytes).
    Removing at32f415_board.o(.text.at32_button_init), (56 bytes).
    Removing at32f415_board.o(.ARM.exidx.text.at32_button_init), (8 bytes).
    Removing at32f415_board.o(.text.at32_button_state), (18 bytes).
    Removing at32f415_board.o(.ARM.exidx.text.at32_button_state), (8 bytes).
    Removing at32f415_board.o(.text.at32_button_press), (138 bytes).
    Removing at32f415_board.o(.ARM.exidx.text.at32_button_press), (8 bytes).
    Removing at32f415_board.o(.text.delay_ms), (98 bytes).
    Removing at32f415_board.o(.ARM.exidx.text.delay_ms), (8 bytes).
    Removing at32f415_board.o(.text.at32_led_on), (38 bytes).
    Removing at32f415_board.o(.ARM.exidx.text.at32_led_on), (8 bytes).
    Removing at32f415_board.o(.text.at32_led_toggle), (42 bytes).
    Removing at32f415_board.o(.ARM.exidx.text.at32_led_toggle), (8 bytes).
    Removing at32f415_board.o(.text.delay_us), (60 bytes).
    Removing at32f415_board.o(.ARM.exidx.text.delay_us), (8 bytes).
    Removing at32f415_board.o(.text.delay_sec), (182 bytes).
    Removing at32f415_board.o(.ARM.exidx.text.delay_sec), (8 bytes).
    Removing at32f415_board.o(.bss.at32_button_press.pressed), (1 bytes).
    Removing at32f415_gpio.o(.text), (0 bytes).
    Removing at32f415_gpio.o(.text.gpio_reset), (66 bytes).
    Removing at32f415_gpio.o(.ARM.exidx.text.gpio_reset), (8 bytes).
    Removing at32f415_gpio.o(.text.gpio_iomux_reset), (24 bytes).
    Removing at32f415_gpio.o(.ARM.exidx.text.gpio_iomux_reset), (8 bytes).
    Removing at32f415_gpio.o(.ARM.exidx.text.gpio_init), (8 bytes).
    Removing at32f415_gpio.o(.ARM.exidx.text.gpio_default_para_init), (8 bytes).
    Removing at32f415_gpio.o(.text.gpio_input_data_bit_read), (14 bytes).
    Removing at32f415_gpio.o(.ARM.exidx.text.gpio_input_data_bit_read), (8 bytes).
    Removing at32f415_gpio.o(.text.gpio_input_data_read), (6 bytes).
    Removing at32f415_gpio.o(.ARM.exidx.text.gpio_input_data_read), (8 bytes).
    Removing at32f415_gpio.o(.text.gpio_output_data_bit_read), (10 bytes).
    Removing at32f415_gpio.o(.ARM.exidx.text.gpio_output_data_bit_read), (8 bytes).
    Removing at32f415_gpio.o(.text.gpio_output_data_read), (6 bytes).
    Removing at32f415_gpio.o(.ARM.exidx.text.gpio_output_data_read), (8 bytes).
    Removing at32f415_gpio.o(.text.gpio_bits_set), (4 bytes).
    Removing at32f415_gpio.o(.ARM.exidx.text.gpio_bits_set), (8 bytes).
    Removing at32f415_gpio.o(.text.gpio_bits_reset), (4 bytes).
    Removing at32f415_gpio.o(.ARM.exidx.text.gpio_bits_reset), (8 bytes).
    Removing at32f415_gpio.o(.text.gpio_bits_write), (12 bytes).
    Removing at32f415_gpio.o(.ARM.exidx.text.gpio_bits_write), (8 bytes).
    Removing at32f415_gpio.o(.text.gpio_port_write), (4 bytes).
    Removing at32f415_gpio.o(.ARM.exidx.text.gpio_port_write), (8 bytes).
    Removing at32f415_gpio.o(.text.gpio_pin_wp_config), (16 bytes).
    Removing at32f415_gpio.o(.ARM.exidx.text.gpio_pin_wp_config), (8 bytes).
    Removing at32f415_gpio.o(.text.gpio_event_output_config), (22 bytes).
    Removing at32f415_gpio.o(.ARM.exidx.text.gpio_event_output_config), (8 bytes).
    Removing at32f415_gpio.o(.text.gpio_event_output_enable), (24 bytes).
    Removing at32f415_gpio.o(.ARM.exidx.text.gpio_event_output_enable), (8 bytes).
    Removing at32f415_gpio.o(.text.gpio_pin_remap_config), (64 bytes).
    Removing at32f415_gpio.o(.ARM.exidx.text.gpio_pin_remap_config), (8 bytes).
    Removing at32f415_gpio.o(.text.gpio_exint_line_config), (140 bytes).
    Removing at32f415_gpio.o(.ARM.exidx.text.gpio_exint_line_config), (8 bytes).
    Removing at32f415_gpio.o(.rodata..Lswitch.table.gpio_reset.1), (24 bytes).
    Removing at32f415_crm.o(.text), (0 bytes).
    Removing at32f415_crm.o(.ARM.exidx.text.crm_reset), (8 bytes).
    Removing at32f415_crm.o(.text.crm_lext_bypass), (26 bytes).
    Removing at32f415_crm.o(.ARM.exidx.text.crm_lext_bypass), (8 bytes).
    Removing at32f415_crm.o(.text.crm_hext_bypass), (26 bytes).
    Removing at32f415_crm.o(.ARM.exidx.text.crm_hext_bypass), (8 bytes).
    Removing at32f415_crm.o(.ARM.exidx.text.crm_flag_get), (8 bytes).
    Removing at32f415_crm.o(.ARM.exidx.text.crm_hext_stable_wait), (8 bytes).
    Removing at32f415_crm.o(.text.crm_hick_clock_trimming_set), (26 bytes).
    Removing at32f415_crm.o(.ARM.exidx.text.crm_hick_clock_trimming_set), (8 bytes).
    Removing at32f415_crm.o(.text.crm_hick_clock_calibration_set), (44 bytes).
    Removing at32f415_crm.o(.ARM.exidx.text.crm_hick_clock_calibration_set), (8 bytes).
    Removing at32f415_crm.o(.ARM.exidx.text.crm_periph_clock_enable), (8 bytes).
    Removing at32f415_crm.o(.text.crm_periph_reset), (40 bytes).
    Removing at32f415_crm.o(.ARM.exidx.text.crm_periph_reset), (8 bytes).
    Removing at32f415_crm.o(.text.crm_periph_sleep_mode_clock_enable), (40 bytes).
    Removing at32f415_crm.o(.ARM.exidx.text.crm_periph_sleep_mode_clock_enable), (8 bytes).
    Removing at32f415_crm.o(.ARM.exidx.text.crm_clock_source_enable), (8 bytes).
    Removing at32f415_crm.o(.text.crm_flag_clear), (124 bytes).
    Removing at32f415_crm.o(.ARM.exidx.text.crm_flag_clear), (8 bytes).
    Removing at32f415_crm.o(.text.crm_ertc_clock_select), (26 bytes).
    Removing at32f415_crm.o(.ARM.exidx.text.crm_ertc_clock_select), (8 bytes).
    Removing at32f415_crm.o(.text.crm_ertc_clock_enable), (26 bytes).
    Removing at32f415_crm.o(.ARM.exidx.text.crm_ertc_clock_enable), (8 bytes).
    Removing at32f415_crm.o(.ARM.exidx.text.crm_ahb_div_set), (8 bytes).
    Removing at32f415_crm.o(.ARM.exidx.text.crm_apb1_div_set), (8 bytes).
    Removing at32f415_crm.o(.ARM.exidx.text.crm_apb2_div_set), (8 bytes).
    Removing at32f415_crm.o(.text.crm_adc_clock_div_set), (30 bytes).
    Removing at32f415_crm.o(.ARM.exidx.text.crm_adc_clock_div_set), (8 bytes).
    Removing at32f415_crm.o(.text.crm_usb_clock_div_set), (30 bytes).
    Removing at32f415_crm.o(.ARM.exidx.text.crm_usb_clock_div_set), (8 bytes).
    Removing at32f415_crm.o(.text.crm_clock_failure_detection_enable), (26 bytes).
    Removing at32f415_crm.o(.ARM.exidx.text.crm_clock_failure_detection_enable), (8 bytes).
    Removing at32f415_crm.o(.text.crm_battery_powered_domain_reset), (26 bytes).
    Removing at32f415_crm.o(.ARM.exidx.text.crm_battery_powered_domain_reset), (8 bytes).
    Removing at32f415_crm.o(.ARM.exidx.text.crm_pll_config), (8 bytes).
    Removing at32f415_crm.o(.text.crm_pll_config2), (116 bytes).
    Removing at32f415_crm.o(.ARM.exidx.text.crm_pll_config2), (8 bytes).
    Removing at32f415_crm.o(.ARM.exidx.text.crm_sysclk_switch), (8 bytes).
    Removing at32f415_crm.o(.ARM.exidx.text.crm_sysclk_switch_status_get), (8 bytes).
    Removing at32f415_crm.o(.ARM.exidx.text.crm_clocks_freq_get), (8 bytes).
    Removing at32f415_crm.o(.text.crm_clock_out_set), (30 bytes).
    Removing at32f415_crm.o(.ARM.exidx.text.crm_clock_out_set), (8 bytes).
    Removing at32f415_crm.o(.text.crm_interrupt_enable), (24 bytes).
    Removing at32f415_crm.o(.ARM.exidx.text.crm_interrupt_enable), (8 bytes).
    Removing at32f415_crm.o(.ARM.exidx.text.crm_auto_step_mode_enable), (8 bytes).
    Removing at32f415_crm.o(.text.crm_hick_divider_select), (26 bytes).
    Removing at32f415_crm.o(.ARM.exidx.text.crm_hick_divider_select), (8 bytes).
    Removing at32f415_crm.o(.text.crm_hick_sclk_frequency_select), (34 bytes).
    Removing at32f415_crm.o(.ARM.exidx.text.crm_hick_sclk_frequency_select), (8 bytes).
    Removing at32f415_crm.o(.text.crm_usb_clock_source_select), (50 bytes).
    Removing at32f415_crm.o(.ARM.exidx.text.crm_usb_clock_source_select), (8 bytes).
    Removing at32f415_crm.o(.text.crm_clkout_div_set), (22 bytes).
    Removing at32f415_crm.o(.ARM.exidx.text.crm_clkout_div_set), (8 bytes).
    Removing at32f415_crm.o(.text.crm_otgfs_ep3_remap_enable), (22 bytes).
    Removing at32f415_crm.o(.ARM.exidx.text.crm_otgfs_ep3_remap_enable), (8 bytes).
    Removing at32f415_crm.o(.text.crm_usbdiv_reset), (26 bytes).
    Removing at32f415_crm.o(.ARM.exidx.text.crm_usbdiv_reset), (8 bytes).
    Removing at32f415_usart.o(.text), (0 bytes).
    Removing at32f415_usart.o(.text.usart_reset), (138 bytes).
    Removing at32f415_usart.o(.ARM.exidx.text.usart_reset), (8 bytes).
    Removing at32f415_usart.o(.ARM.exidx.text.usart_init), (8 bytes).
    Removing at32f415_usart.o(.ARM.exidx.text.usart_parity_selection_config), (8 bytes).
    Removing at32f415_usart.o(.ARM.exidx.text.usart_enable), (8 bytes).
    Removing at32f415_usart.o(.ARM.exidx.text.usart_transmitter_enable), (8 bytes).
    Removing at32f415_usart.o(.ARM.exidx.text.usart_receiver_enable), (8 bytes).
    Removing at32f415_usart.o(.text.usart_clock_config), (54 bytes).
    Removing at32f415_usart.o(.ARM.exidx.text.usart_clock_config), (8 bytes).
    Removing at32f415_usart.o(.text.usart_clock_enable), (18 bytes).
    Removing at32f415_usart.o(.ARM.exidx.text.usart_clock_enable), (8 bytes).
    Removing at32f415_usart.o(.text.usart_interrupt_enable), (32 bytes).
    Removing at32f415_usart.o(.ARM.exidx.text.usart_interrupt_enable), (8 bytes).
    Removing at32f415_usart.o(.text.usart_dma_transmitter_enable), (18 bytes).
    Removing at32f415_usart.o(.ARM.exidx.text.usart_dma_transmitter_enable), (8 bytes).
    Removing at32f415_usart.o(.text.usart_dma_receiver_enable), (18 bytes).
    Removing at32f415_usart.o(.ARM.exidx.text.usart_dma_receiver_enable), (8 bytes).
    Removing at32f415_usart.o(.text.usart_wakeup_id_set), (10 bytes).
    Removing at32f415_usart.o(.ARM.exidx.text.usart_wakeup_id_set), (8 bytes).
    Removing at32f415_usart.o(.text.usart_wakeup_mode_set), (18 bytes).
    Removing at32f415_usart.o(.ARM.exidx.text.usart_wakeup_mode_set), (8 bytes).
    Removing at32f415_usart.o(.text.usart_receiver_mute_enable), (18 bytes).
    Removing at32f415_usart.o(.ARM.exidx.text.usart_receiver_mute_enable), (8 bytes).
    Removing at32f415_usart.o(.text.usart_break_bit_num_set), (18 bytes).
    Removing at32f415_usart.o(.ARM.exidx.text.usart_break_bit_num_set), (8 bytes).
    Removing at32f415_usart.o(.text.usart_lin_mode_enable), (18 bytes).
    Removing at32f415_usart.o(.ARM.exidx.text.usart_lin_mode_enable), (8 bytes).
    Removing at32f415_usart.o(.ARM.exidx.text.usart_data_transmit), (8 bytes).
    Removing at32f415_usart.o(.ARM.exidx.text.usart_data_receive), (8 bytes).
    Removing at32f415_usart.o(.text.usart_break_send), (10 bytes).
    Removing at32f415_usart.o(.ARM.exidx.text.usart_break_send), (8 bytes).
    Removing at32f415_usart.o(.text.usart_smartcard_guard_time_set), (14 bytes).
    Removing at32f415_usart.o(.ARM.exidx.text.usart_smartcard_guard_time_set), (8 bytes).
    Removing at32f415_usart.o(.text.usart_irda_smartcard_division_set), (12 bytes).
    Removing at32f415_usart.o(.ARM.exidx.text.usart_irda_smartcard_division_set), (8 bytes).
    Removing at32f415_usart.o(.text.usart_smartcard_mode_enable), (18 bytes).
    Removing at32f415_usart.o(.ARM.exidx.text.usart_smartcard_mode_enable), (8 bytes).
    Removing at32f415_usart.o(.text.usart_smartcard_nack_set), (18 bytes).
    Removing at32f415_usart.o(.ARM.exidx.text.usart_smartcard_nack_set), (8 bytes).
    Removing at32f415_usart.o(.text.usart_single_line_halfduplex_select), (18 bytes).
    Removing at32f415_usart.o(.ARM.exidx.text.usart_single_line_halfduplex_select), (8 bytes).
    Removing at32f415_usart.o(.text.usart_irda_mode_enable), (18 bytes).
    Removing at32f415_usart.o(.ARM.exidx.text.usart_irda_mode_enable), (8 bytes).
    Removing at32f415_usart.o(.text.usart_irda_low_power_enable), (18 bytes).
    Removing at32f415_usart.o(.ARM.exidx.text.usart_irda_low_power_enable), (8 bytes).
    Removing at32f415_usart.o(.ARM.exidx.text.usart_hardware_flow_control_set), (8 bytes).
    Removing at32f415_usart.o(.ARM.exidx.text.usart_flag_get), (8 bytes).
    Removing at32f415_usart.o(.text.usart_flag_clear), (16 bytes).
    Removing at32f415_usart.o(.ARM.exidx.text.usart_flag_clear), (8 bytes).
    Removing at32f415_misc.o(.text), (0 bytes).
    Removing at32f415_misc.o(.text.nvic_system_reset), (4 bytes).
    Removing at32f415_misc.o(.ARM.exidx.text.nvic_system_reset), (8 bytes).
    Removing at32f415_misc.o(.text.__NVIC_SystemReset), (36 bytes).
    Removing at32f415_misc.o(.ARM.exidx.text.__NVIC_SystemReset), (8 bytes).
    Removing at32f415_misc.o(.text.nvic_irq_enable), (116 bytes).
    Removing at32f415_misc.o(.ARM.exidx.text.nvic_irq_enable), (8 bytes).
    Removing at32f415_misc.o(.text.nvic_irq_disable), (40 bytes).
    Removing at32f415_misc.o(.ARM.exidx.text.nvic_irq_disable), (8 bytes).
    Removing at32f415_misc.o(.text.nvic_priority_group_config), (32 bytes).
    Removing at32f415_misc.o(.ARM.exidx.text.nvic_priority_group_config), (8 bytes).
    Removing at32f415_misc.o(.text.nvic_vector_table_set), (24 bytes).
    Removing at32f415_misc.o(.ARM.exidx.text.nvic_vector_table_set), (8 bytes).
    Removing at32f415_misc.o(.text.nvic_lowpower_mode_config), (24 bytes).
    Removing at32f415_misc.o(.ARM.exidx.text.nvic_lowpower_mode_config), (8 bytes).
    Removing at32f415_misc.o(.ARM.exidx.text.systick_clock_source_config), (8 bytes).
    Removing system_at32f415.o(.text), (0 bytes).
    Removing system_at32f415.o(.ARM.exidx.text.SystemInit), (8 bytes).
    Removing system_at32f415.o(.ARM.exidx.text.system_core_clock_update), (8 bytes).

208 unused section(s) (total 3828 bytes) removed from the image.

==============================================================================

Image Symbol Table

    Local Symbols

    Symbol Name                              Value     Ov Type        Size  Object(Section)

    ../../../../../../libraries/cmsis/cm4/device_support/startup/mdk/startup_at32f415.s 0x00000000   Number         0  startup_at32f415.o ABSOLUTE
    ../clib/angel/boardlib.s                 0x00000000   Number         0  boardinit1.o ABSOLUTE
    ../clib/angel/boardlib.s                 0x00000000   Number         0  boardinit2.o ABSOLUTE
    ../clib/angel/boardlib.s                 0x00000000   Number         0  boardinit3.o ABSOLUTE
    ../clib/angel/boardlib.s                 0x00000000   Number         0  boardshut.o ABSOLUTE
    ../clib/angel/handlers.s                 0x00000000   Number         0  __scatter_copy.o ABSOLUTE
    ../clib/angel/handlers.s                 0x00000000   Number         0  __scatter_zi.o ABSOLUTE
    ../clib/angel/kernel.s                   0x00000000   Number         0  __rtentry.o ABSOLUTE
    ../clib/angel/kernel.s                   0x00000000   Number         0  __rtentry2.o ABSOLUTE
    ../clib/angel/kernel.s                   0x00000000   Number         0  __rtentry4.o ABSOLUTE
    ../clib/angel/kernel.s                   0x00000000   Number         0  rtexit.o ABSOLUTE
    ../clib/angel/kernel.s                   0x00000000   Number         0  rtexit2.o ABSOLUTE
    ../clib/angel/rt.s                       0x00000000   Number         0  rt_raise.o ABSOLUTE
    ../clib/angel/scatter.s                  0x00000000   Number         0  __scatter.o ABSOLUTE
    ../clib/angel/startup.s                  0x00000000   Number         0  __main.o ABSOLUTE
    ../clib/angel/sys.s                      0x00000000   Number         0  use_no_semi_2.o ABSOLUTE
    ../clib/angel/sys.s                      0x00000000   Number         0  use_no_semi.o ABSOLUTE
    ../clib/angel/sys.s                      0x00000000   Number         0  sys_stackheap_outer.o ABSOLUTE
    ../clib/angel/sys.s                      0x00000000   Number         0  libspace.o ABSOLUTE
    ../clib/angel/sys.s                      0x00000000   Number         0  indicate_semi.o ABSOLUTE
    ../clib/angel/sysapp.c                   0x00000000   Number         0  sys_command.o ABSOLUTE
    ../clib/angel/sysapp.c                   0x00000000   Number         0  sys_command_hlt.o ABSOLUTE
    ../clib/armsys.c                         0x00000000   Number         0  argv_veneer.o ABSOLUTE
    ../clib/armsys.c                         0x00000000   Number         0  argv_veneer.o ABSOLUTE
    ../clib/armsys.c                         0x00000000   Number         0  _get_argv_nomalloc.o ABSOLUTE
    ../clib/armsys.c                         0x00000000   Number         0  no_argv.o ABSOLUTE
    ../clib/heapalloc.c                      0x00000000   Number         0  hrguard.o ABSOLUTE
    ../clib/heapaux.c                        0x00000000   Number         0  heapauxi.o ABSOLUTE
    ../clib/libinit.s                        0x00000000   Number         0  libinit.o ABSOLUTE
    ../clib/libinit.s                        0x00000000   Number         0  libinit2.o ABSOLUTE
    ../clib/libinit.s                        0x00000000   Number         0  libshutdown.o ABSOLUTE
    ../clib/libinit.s                        0x00000000   Number         0  libshutdown2.o ABSOLUTE
    ../clib/printf.c                         0x00000000   Number         0  __2printf.o ABSOLUTE
    ../clib/printf.c                         0x00000000   Number         0  noretval__2printf.o ABSOLUTE
    ../clib/printf.c                         0x00000000   Number         0  _printf_char_file.o ABSOLUTE
    ../clib/printf.c                         0x00000000   Number         0  _printf_char_common.o ABSOLUTE
    ../clib/printf.c                         0x00000000   Number         0  __printf_nopercent.o ABSOLUTE
    ../clib/signal.c                         0x00000000   Number         0  defsig_rtmem_outer.o ABSOLUTE
    ../clib/signal.c                         0x00000000   Number         0  defsig_rtmem_formal.o ABSOLUTE
    ../clib/signal.c                         0x00000000   Number         0  defsig_exit.o ABSOLUTE
    ../clib/signal.c                         0x00000000   Number         0  defsig_rtmem_inner.o ABSOLUTE
    ../clib/signal.c                         0x00000000   Number         0  __raise.o ABSOLUTE
    ../clib/signal.c                         0x00000000   Number         0  defsig_general.o ABSOLUTE
    ../clib/signal.c                         0x00000000   Number         0  defsig_abrt_inner.o ABSOLUTE
    ../clib/signal.c                         0x00000000   Number         0  defsig_fpe_inner.o ABSOLUTE
    ../clib/signal.c                         0x00000000   Number         0  defsig_rtred_inner.o ABSOLUTE
    ../clib/signal.c                         0x00000000   Number         0  defsig_stak_inner.o ABSOLUTE
    ../clib/signal.c                         0x00000000   Number         0  defsig_pvfn_inner.o ABSOLUTE
    ../clib/signal.c                         0x00000000   Number         0  defsig_cppl_inner.o ABSOLUTE
    ../clib/signal.c                         0x00000000   Number         0  defsig_segv_inner.o ABSOLUTE
    ../clib/signal.c                         0x00000000   Number         0  defsig_other.o ABSOLUTE
    ../clib/signal.s                         0x00000000   Number         0  defsig.o ABSOLUTE
    ../clib/stdio.c                          0x00000000   Number         0  putchar.o ABSOLUTE
    ../clib/stdio.c                          0x00000000   Number         0  ferror.o ABSOLUTE
    ../clib/stdio.c                          0x00000000   Number         0  ferror_locked.o ABSOLUTE
    ../clib/stdlib.c                         0x00000000   Number         0  exit.o ABSOLUTE
    ../fplib/fpinit.s                        0x00000000   Number         0  fpinit.o ABSOLUTE
    ../fplib/fpinit_empty.s                  0x00000000   Number         0  fpinit_empty.o ABSOLUTE
    at32f415_board.c                         0x00000000   Number         0  at32f415_board.o ABSOLUTE
    at32f415_clock.c                         0x00000000   Number         0  at32f415_clock.o ABSOLUTE
    at32f415_crm.c                           0x00000000   Number         0  at32f415_crm.o ABSOLUTE
    at32f415_gpio.c                          0x00000000   Number         0  at32f415_gpio.o ABSOLUTE
    at32f415_int.c                           0x00000000   Number         0  at32f415_int.o ABSOLUTE
    at32f415_misc.c                          0x00000000   Number         0  at32f415_misc.o ABSOLUTE
    at32f415_usart.c                         0x00000000   Number         0  at32f415_usart.o ABSOLUTE
    dc.s                                     0x00000000   Number         0  dc.o ABSOLUTE
    main.c                                   0x00000000   Number         0  main.o ABSOLUTE
    system_at32f415.c                        0x00000000   Number         0  system_at32f415.o ABSOLUTE
    RESET                                    0x08000000   Section      368  startup_at32f415.o(RESET)
    !!!main                                  0x08000170   Section        8  __main.o(!!!main)
    !!!scatter                               0x08000178   Section       52  __scatter.o(!!!scatter)
    !!handler_copy                           0x080001ac   Section       26  __scatter_copy.o(!!handler_copy)
    !!handler_zi                             0x080001c8   Section       28  __scatter_zi.o(!!handler_zi)
    .ARM.Collect$$libinit$$00000000          0x080001e4   Section        2  libinit.o(.ARM.Collect$$libinit$$00000000)
    .ARM.Collect$$libinit$$00000002          0x080001e6   Section        0  libinit2.o(.ARM.Collect$$libinit$$00000002)
    .ARM.Collect$$libinit$$00000004          0x080001e6   Section        0  libinit2.o(.ARM.Collect$$libinit$$00000004)
    .ARM.Collect$$libinit$$00000006          0x080001e6   Section        0  libinit2.o(.ARM.Collect$$libinit$$00000006)
    .ARM.Collect$$libinit$$0000000C          0x080001e6   Section        0  libinit2.o(.ARM.Collect$$libinit$$0000000C)
    .ARM.Collect$$libinit$$0000000E          0x080001e6   Section        0  libinit2.o(.ARM.Collect$$libinit$$0000000E)
    .ARM.Collect$$libinit$$00000010          0x080001e6   Section        0  libinit2.o(.ARM.Collect$$libinit$$00000010)
    .ARM.Collect$$libinit$$00000013          0x080001e6   Section        0  libinit2.o(.ARM.Collect$$libinit$$00000013)
    .ARM.Collect$$libinit$$00000015          0x080001e6   Section        0  libinit2.o(.ARM.Collect$$libinit$$00000015)
    .ARM.Collect$$libinit$$00000017          0x080001e6   Section        0  libinit2.o(.ARM.Collect$$libinit$$00000017)
    .ARM.Collect$$libinit$$00000019          0x080001e6   Section        0  libinit2.o(.ARM.Collect$$libinit$$00000019)
    .ARM.Collect$$libinit$$0000001B          0x080001e6   Section        0  libinit2.o(.ARM.Collect$$libinit$$0000001B)
    .ARM.Collect$$libinit$$0000001D          0x080001e6   Section        0  libinit2.o(.ARM.Collect$$libinit$$0000001D)
    .ARM.Collect$$libinit$$0000001F          0x080001e6   Section        0  libinit2.o(.ARM.Collect$$libinit$$0000001F)
    .ARM.Collect$$libinit$$00000021          0x080001e6   Section        0  libinit2.o(.ARM.Collect$$libinit$$00000021)
    .ARM.Collect$$libinit$$00000023          0x080001e6   Section        0  libinit2.o(.ARM.Collect$$libinit$$00000023)
    .ARM.Collect$$libinit$$00000025          0x080001e6   Section        0  libinit2.o(.ARM.Collect$$libinit$$00000025)
    .ARM.Collect$$libinit$$00000027          0x080001e6   Section        0  libinit2.o(.ARM.Collect$$libinit$$00000027)
    .ARM.Collect$$libinit$$0000002E          0x080001e6   Section        0  libinit2.o(.ARM.Collect$$libinit$$0000002E)
    .ARM.Collect$$libinit$$00000030          0x080001e6   Section        0  libinit2.o(.ARM.Collect$$libinit$$00000030)
    .ARM.Collect$$libinit$$00000032          0x080001e6   Section        0  libinit2.o(.ARM.Collect$$libinit$$00000032)
    .ARM.Collect$$libinit$$00000034          0x080001e6   Section        0  libinit2.o(.ARM.Collect$$libinit$$00000034)
    .ARM.Collect$$libinit$$00000035          0x080001e6   Section        2  libinit2.o(.ARM.Collect$$libinit$$00000035)
    .ARM.Collect$$libshutdown$$00000000      0x080001e8   Section        2  libshutdown.o(.ARM.Collect$$libshutdown$$00000000)
    .ARM.Collect$$libshutdown$$00000002      0x080001ea   Section        0  libshutdown2.o(.ARM.Collect$$libshutdown$$00000002)
    .ARM.Collect$$libshutdown$$00000004      0x080001ea   Section        0  libshutdown2.o(.ARM.Collect$$libshutdown$$00000004)
    .ARM.Collect$$libshutdown$$00000007      0x080001ea   Section        0  libshutdown2.o(.ARM.Collect$$libshutdown$$00000007)
    .ARM.Collect$$libshutdown$$0000000A      0x080001ea   Section        0  libshutdown2.o(.ARM.Collect$$libshutdown$$0000000A)
    .ARM.Collect$$libshutdown$$0000000C      0x080001ea   Section        0  libshutdown2.o(.ARM.Collect$$libshutdown$$0000000C)
    .ARM.Collect$$libshutdown$$0000000F      0x080001ea   Section        0  libshutdown2.o(.ARM.Collect$$libshutdown$$0000000F)
    .ARM.Collect$$libshutdown$$00000010      0x080001ea   Section        2  libshutdown2.o(.ARM.Collect$$libshutdown$$00000010)
    .ARM.Collect$$rtentry$$00000000          0x080001ec   Section        0  __rtentry.o(.ARM.Collect$$rtentry$$00000000)
    .ARM.Collect$$rtentry$$00000002          0x080001ec   Section        0  __rtentry2.o(.ARM.Collect$$rtentry$$00000002)
    .ARM.Collect$$rtentry$$00000004          0x080001ec   Section        6  __rtentry4.o(.ARM.Collect$$rtentry$$00000004)
    .ARM.Collect$$rtentry$$00000009          0x080001f2   Section        0  __rtentry2.o(.ARM.Collect$$rtentry$$00000009)
    .ARM.Collect$$rtentry$$0000000A          0x080001f2   Section        4  __rtentry2.o(.ARM.Collect$$rtentry$$0000000A)
    .ARM.Collect$$rtentry$$0000000C          0x080001f6   Section        0  __rtentry2.o(.ARM.Collect$$rtentry$$0000000C)
    .ARM.Collect$$rtentry$$0000000D          0x080001f6   Section        8  __rtentry2.o(.ARM.Collect$$rtentry$$0000000D)
    .ARM.Collect$$rtexit$$00000000           0x080001fe   Section        2  rtexit.o(.ARM.Collect$$rtexit$$00000000)
    .ARM.Collect$$rtexit$$00000002           0x08000200   Section        0  rtexit2.o(.ARM.Collect$$rtexit$$00000002)
    .ARM.Collect$$rtexit$$00000003           0x08000200   Section        4  rtexit2.o(.ARM.Collect$$rtexit$$00000003)
    .ARM.Collect$$rtexit$$00000004           0x08000204   Section        6  rtexit2.o(.ARM.Collect$$rtexit$$00000004)
    .text                                    0x0800020c   Section       64  startup_at32f415.o(.text)
    .text                                    0x0800024c   Section        2  use_no_semi_2.o(.text)
    .text                                    0x08000250   Section        0  noretval__2printf.o(.text)
    .text                                    0x08000268   Section        0  putchar.o(.text)
    .text                                    0x08000274   Section        0  heapauxi.o(.text)
    .text                                    0x0800027a   Section        2  use_no_semi.o(.text)
    .text                                    0x0800027c   Section        0  _printf_char_file.o(.text)
    _printf_input_char                       0x080002a1   Thumb Code    10  _printf_char_common.o(.text)
    .text                                    0x080002a0   Section        0  _printf_char_common.o(.text)
    .text                                    0x080002d0   Section        0  ferror.o(.text)
    .text                                    0x080002d8   Section       74  sys_stackheap_outer.o(.text)
    .text                                    0x08000322   Section        0  __printf_nopercent.o(.text)
    .text                                    0x0800034a   Section        0  exit.o(.text)
    .text                                    0x0800035c   Section        8  libspace.o(.text)
    [Anonymous Symbol]                       0x08000364   Section        0  at32f415_int.o(.text.BusFault_Handler)
    [Anonymous Symbol]                       0x08000368   Section        0  at32f415_int.o(.text.DebugMon_Handler)
    [Anonymous Symbol]                       0x0800036c   Section        0  at32f415_int.o(.text.HardFault_Handler)
    [Anonymous Symbol]                       0x08000370   Section        0  at32f415_int.o(.text.MemManage_Handler)
    [Anonymous Symbol]                       0x08000374   Section        0  at32f415_int.o(.text.NMI_Handler)
    [Anonymous Symbol]                       0x08000378   Section        0  at32f415_int.o(.text.PendSV_Handler)
    [Anonymous Symbol]                       0x0800037c   Section        0  at32f415_int.o(.text.SVC_Handler)
    [Anonymous Symbol]                       0x08000380   Section        0  at32f415_int.o(.text.SysTick_Handler)
    [Anonymous Symbol]                       0x08000384   Section        0  system_at32f415.o(.text.SystemInit)
    [Anonymous Symbol]                       0x08000400   Section        0  at32f415_int.o(.text.UsageFault_Handler)
    [Anonymous Symbol]                       0x08000404   Section        0  at32f415_board.o(.text._sys_exit)
    [Anonymous Symbol]                       0x08000408   Section        0  at32f415_board.o(.text.at32_board_init)
    [Anonymous Symbol]                       0x0800051c   Section        0  at32f415_crm.o(.text.crm_ahb_div_set)
    [Anonymous Symbol]                       0x08000538   Section        0  at32f415_crm.o(.text.crm_apb1_div_set)
    [Anonymous Symbol]                       0x08000554   Section        0  at32f415_crm.o(.text.crm_apb2_div_set)
    [Anonymous Symbol]                       0x08000570   Section        0  at32f415_crm.o(.text.crm_auto_step_mode_enable)
    [Anonymous Symbol]                       0x08000588   Section        0  at32f415_crm.o(.text.crm_clock_source_enable)
    [Anonymous Symbol]                       0x08000604   Section        0  at32f415_crm.o(.text.crm_clocks_freq_get)
    crm_clocks_freq_get.sclk_ahb_div_table   0x0800070c   Number         0  at32f415_crm.o(.text.crm_clocks_freq_get)
    crm_clocks_freq_get.adc_div_table        0x0800071c   Number         0  at32f415_crm.o(.text.crm_clocks_freq_get)
    [Anonymous Symbol]                       0x08000724   Section        0  at32f415_crm.o(.text.crm_flag_get)
    [Anonymous Symbol]                       0x08000740   Section        0  at32f415_crm.o(.text.crm_hext_stable_wait)
    [Anonymous Symbol]                       0x08000764   Section        0  at32f415_crm.o(.text.crm_periph_clock_enable)
    [Anonymous Symbol]                       0x0800078c   Section        0  at32f415_crm.o(.text.crm_pll_config)
    [Anonymous Symbol]                       0x0800080c   Section        0  at32f415_crm.o(.text.crm_reset)
    [Anonymous Symbol]                       0x0800085c   Section        0  at32f415_crm.o(.text.crm_sysclk_switch)
    [Anonymous Symbol]                       0x08000870   Section        0  at32f415_crm.o(.text.crm_sysclk_switch_status_get)
    [Anonymous Symbol]                       0x08000880   Section        0  at32f415_board.o(.text.fputc)
    [Anonymous Symbol]                       0x080008a4   Section        0  at32f415_gpio.o(.text.gpio_default_para_init)
    [Anonymous Symbol]                       0x080008b8   Section        0  at32f415_gpio.o(.text.gpio_init)
    [Anonymous Symbol]                       0x08000978   Section        0  main.o(.text.main)
    [Anonymous Symbol]                       0x08000aa4   Section        0  at32f415_clock.o(.text.system_clock_config)
    [Anonymous Symbol]                       0x08000b14   Section        0  system_at32f415.o(.text.system_core_clock_update)
    system_core_clock_update.sys_ahb_div_table 0x08000bf4   Number         0  system_at32f415.o(.text.system_core_clock_update)
    [Anonymous Symbol]                       0x08000c04   Section        0  at32f415_misc.o(.text.systick_clock_source_config)
    [Anonymous Symbol]                       0x08000c1c   Section        0  at32f415_board.o(.text.uart_print_init)
    [Anonymous Symbol]                       0x08000ca0   Section        0  main.o(.text.usart_configuration)
    [Anonymous Symbol]                       0x08000d38   Section        0  at32f415_usart.o(.text.usart_data_receive)
    [Anonymous Symbol]                       0x08000d40   Section        0  at32f415_usart.o(.text.usart_data_transmit)
    [Anonymous Symbol]                       0x08000d48   Section        0  at32f415_usart.o(.text.usart_enable)
    [Anonymous Symbol]                       0x08000d5c   Section        0  at32f415_usart.o(.text.usart_flag_get)
    [Anonymous Symbol]                       0x08000d68   Section        0  at32f415_usart.o(.text.usart_hardware_flow_control_set)
    [Anonymous Symbol]                       0x08000dac   Section        0  at32f415_usart.o(.text.usart_init)
    [Anonymous Symbol]                       0x08000e34   Section        0  at32f415_usart.o(.text.usart_parity_selection_config)
    [Anonymous Symbol]                       0x08000e70   Section        0  at32f415_usart.o(.text.usart_receiver_enable)
    [Anonymous Symbol]                       0x08000e84   Section        0  at32f415_usart.o(.text.usart_transmitter_enable)
    crm_clocks_freq_get.ahb_apb2_div_table   0x08000e96   Data           8  at32f415_crm.o(.rodata.cst8)
    [Anonymous Symbol]                       0x08000e96   Section        0  at32f415_crm.o(.rodata.cst8)
    .L.str.2                                 0x08000e9e   Data           3  main.o(.rodata.str1.1)
    [Anonymous Symbol]                       0x08000e9e   Section        0  main.o(.rodata.str1.1)
    .bss                                     0x20000028   Section       96  libspace.o(.bss)
    fac_ms                                   0x200000dc   Data           4  at32f415_board.o(.bss.fac_ms)
    [Anonymous Symbol]                       0x200000dc   Section        0  at32f415_board.o(.bss.fac_ms)
    fac_us                                   0x200000e0   Data           4  at32f415_board.o(.bss.fac_us)
    [Anonymous Symbol]                       0x200000e0   Section        0  at32f415_board.o(.bss.fac_us)
    Heap_Mem                                 0x200000f0   Data         512  startup_at32f415.o(HEAP)
    HEAP                                     0x200000f0   Section      512  startup_at32f415.o(HEAP)
    Stack_Mem                                0x200002f0   Data        1024  startup_at32f415.o(STACK)
    STACK                                    0x200002f0   Section     1024  startup_at32f415.o(STACK)
    __initial_sp                             0x200006f0   Data           0  startup_at32f415.o(STACK)

    Global Symbols

    Symbol Name                              Value     Ov Type        Size  Object(Section)

    BuildAttributes$$THM_ISAv4$E$P$D$K$B$S$7EM$PE$A:L22UL41UL21$X:L11$S22US41US21$IEEE1$IW$~IW$USESV6$~STKCKD$USESV7$~SHL$OTIME$ROPI$EBA8$UX$STANDARDLIB$REQ8$PRES8$EABIv2 0x00000000   Number         0  anon$$obj.o ABSOLUTE
    __fp_init_empty                          0x00000000   Number         0  fpinit_empty.o ABSOLUTE
    __ARM_exceptions_init                     - Undefined Weak Reference
    __alloca_initialize                       - Undefined Weak Reference
    __arm_preinit_                            - Undefined Weak Reference
    __arm_relocate_pie_                       - Undefined Weak Reference
    __cpp_initialize__aeabi_                  - Undefined Weak Reference
    __cxa_finalize                            - Undefined Weak Reference
    __rt_locale                               - Undefined Weak Reference
    __sigvec_lookup                           - Undefined Weak Reference
    _atexit_init                              - Undefined Weak Reference
    _call_atexit_fns                          - Undefined Weak Reference
    _clock_init                               - Undefined Weak Reference
    _fp_trap_init                             - Undefined Weak Reference
    _fp_trap_shutdown                         - Undefined Weak Reference
    _get_lc_collate                           - Undefined Weak Reference
    _get_lc_ctype                             - Undefined Weak Reference
    _get_lc_monetary                          - Undefined Weak Reference
    _get_lc_numeric                           - Undefined Weak Reference
    _get_lc_time                              - Undefined Weak Reference
    _getenv_init                              - Undefined Weak Reference
    _handle_redirection                       - Undefined Weak Reference
    _init_alloc                               - Undefined Weak Reference
    _init_user_alloc                          - Undefined Weak Reference
    _initio                                   - Undefined Weak Reference
    _mutex_acquire                            - Undefined Weak Reference
    _mutex_release                            - Undefined Weak Reference
    _rand_init                                - Undefined Weak Reference
    _signal_finish                            - Undefined Weak Reference
    _signal_init                              - Undefined Weak Reference
    _terminate_alloc                          - Undefined Weak Reference
    _terminate_user_alloc                     - Undefined Weak Reference
    _terminateio                              - Undefined Weak Reference
    __Vectors_Size                           0x00000170   Number         0  startup_at32f415.o ABSOLUTE
    __Vectors                                0x08000000   Data           4  startup_at32f415.o(RESET)
    __Vectors_End                            0x08000170   Data           0  startup_at32f415.o(RESET)
    __main                                   0x08000171   Thumb Code     8  __main.o(!!!main)
    __scatterload                            0x08000179   Thumb Code     0  __scatter.o(!!!scatter)
    __scatterload_rt2                        0x08000179   Thumb Code    44  __scatter.o(!!!scatter)
    __scatterload_rt2_thumb_only             0x08000179   Thumb Code     0  __scatter.o(!!!scatter)
    __scatterload_null                       0x08000187   Thumb Code     0  __scatter.o(!!!scatter)
    __scatterload_copy                       0x080001ad   Thumb Code    26  __scatter_copy.o(!!handler_copy)
    __scatterload_zeroinit                   0x080001c9   Thumb Code    28  __scatter_zi.o(!!handler_zi)
    __rt_lib_init                            0x080001e5   Thumb Code     0  libinit.o(.ARM.Collect$$libinit$$00000000)
    __rt_lib_init_alloca_1                   0x080001e7   Thumb Code     0  libinit2.o(.ARM.Collect$$libinit$$00000030)
    __rt_lib_init_argv_1                     0x080001e7   Thumb Code     0  libinit2.o(.ARM.Collect$$libinit$$0000002E)
    __rt_lib_init_atexit_1                   0x080001e7   Thumb Code     0  libinit2.o(.ARM.Collect$$libinit$$0000001D)
    __rt_lib_init_clock_1                    0x080001e7   Thumb Code     0  libinit2.o(.ARM.Collect$$libinit$$00000023)
    __rt_lib_init_cpp_1                      0x080001e7   Thumb Code     0  libinit2.o(.ARM.Collect$$libinit$$00000034)
    __rt_lib_init_exceptions_1               0x080001e7   Thumb Code     0  libinit2.o(.ARM.Collect$$libinit$$00000032)
    __rt_lib_init_fp_1                       0x080001e7   Thumb Code     0  libinit2.o(.ARM.Collect$$libinit$$00000002)
    __rt_lib_init_fp_trap_1                  0x080001e7   Thumb Code     0  libinit2.o(.ARM.Collect$$libinit$$00000021)
    __rt_lib_init_getenv_1                   0x080001e7   Thumb Code     0  libinit2.o(.ARM.Collect$$libinit$$00000025)
    __rt_lib_init_heap_1                     0x080001e7   Thumb Code     0  libinit2.o(.ARM.Collect$$libinit$$0000000C)
    __rt_lib_init_lc_collate_1               0x080001e7   Thumb Code     0  libinit2.o(.ARM.Collect$$libinit$$00000013)
    __rt_lib_init_lc_ctype_1                 0x080001e7   Thumb Code     0  libinit2.o(.ARM.Collect$$libinit$$00000015)
    __rt_lib_init_lc_monetary_1              0x080001e7   Thumb Code     0  libinit2.o(.ARM.Collect$$libinit$$00000017)
    __rt_lib_init_lc_numeric_1               0x080001e7   Thumb Code     0  libinit2.o(.ARM.Collect$$libinit$$00000019)
    __rt_lib_init_lc_time_1                  0x080001e7   Thumb Code     0  libinit2.o(.ARM.Collect$$libinit$$0000001B)
    __rt_lib_init_preinit_1                  0x080001e7   Thumb Code     0  libinit2.o(.ARM.Collect$$libinit$$00000006)
    __rt_lib_init_rand_1                     0x080001e7   Thumb Code     0  libinit2.o(.ARM.Collect$$libinit$$00000010)
    __rt_lib_init_relocate_pie_1             0x080001e7   Thumb Code     0  libinit2.o(.ARM.Collect$$libinit$$00000004)
    __rt_lib_init_return                     0x080001e7   Thumb Code     0  libinit2.o(.ARM.Collect$$libinit$$00000035)
    __rt_lib_init_signal_1                   0x080001e7   Thumb Code     0  libinit2.o(.ARM.Collect$$libinit$$0000001F)
    __rt_lib_init_stdio_1                    0x080001e7   Thumb Code     0  libinit2.o(.ARM.Collect$$libinit$$00000027)
    __rt_lib_init_user_alloc_1               0x080001e7   Thumb Code     0  libinit2.o(.ARM.Collect$$libinit$$0000000E)
    __rt_lib_shutdown                        0x080001e9   Thumb Code     0  libshutdown.o(.ARM.Collect$$libshutdown$$00000000)
    __rt_lib_shutdown_cpp_1                  0x080001eb   Thumb Code     0  libshutdown2.o(.ARM.Collect$$libshutdown$$00000002)
    __rt_lib_shutdown_fp_trap_1              0x080001eb   Thumb Code     0  libshutdown2.o(.ARM.Collect$$libshutdown$$00000007)
    __rt_lib_shutdown_heap_1                 0x080001eb   Thumb Code     0  libshutdown2.o(.ARM.Collect$$libshutdown$$0000000F)
    __rt_lib_shutdown_return                 0x080001eb   Thumb Code     0  libshutdown2.o(.ARM.Collect$$libshutdown$$00000010)
    __rt_lib_shutdown_signal_1               0x080001eb   Thumb Code     0  libshutdown2.o(.ARM.Collect$$libshutdown$$0000000A)
    __rt_lib_shutdown_stdio_1                0x080001eb   Thumb Code     0  libshutdown2.o(.ARM.Collect$$libshutdown$$00000004)
    __rt_lib_shutdown_user_alloc_1           0x080001eb   Thumb Code     0  libshutdown2.o(.ARM.Collect$$libshutdown$$0000000C)
    __rt_entry                               0x080001ed   Thumb Code     0  __rtentry.o(.ARM.Collect$$rtentry$$00000000)
    __rt_entry_presh_1                       0x080001ed   Thumb Code     0  __rtentry2.o(.ARM.Collect$$rtentry$$00000002)
    __rt_entry_sh                            0x080001ed   Thumb Code     0  __rtentry4.o(.ARM.Collect$$rtentry$$00000004)
    __rt_entry_li                            0x080001f3   Thumb Code     0  __rtentry2.o(.ARM.Collect$$rtentry$$0000000A)
    __rt_entry_postsh_1                      0x080001f3   Thumb Code     0  __rtentry2.o(.ARM.Collect$$rtentry$$00000009)
    __rt_entry_main                          0x080001f7   Thumb Code     0  __rtentry2.o(.ARM.Collect$$rtentry$$0000000D)
    __rt_entry_postli_1                      0x080001f7   Thumb Code     0  __rtentry2.o(.ARM.Collect$$rtentry$$0000000C)
    __rt_exit                                0x080001ff   Thumb Code     0  rtexit.o(.ARM.Collect$$rtexit$$00000000)
    __rt_exit_ls                             0x08000201   Thumb Code     0  rtexit2.o(.ARM.Collect$$rtexit$$00000003)
    __rt_exit_prels_1                        0x08000201   Thumb Code     0  rtexit2.o(.ARM.Collect$$rtexit$$00000002)
    __rt_exit_exit                           0x08000205   Thumb Code     0  rtexit2.o(.ARM.Collect$$rtexit$$00000004)
    Reset_Handler                            0x0800020d   Thumb Code     8  startup_at32f415.o(.text)
    ADC1_IRQHandler                          0x08000227   Thumb Code     0  startup_at32f415.o(.text)
    CAN1_RX0_IRQHandler                      0x08000227   Thumb Code     0  startup_at32f415.o(.text)
    CAN1_RX1_IRQHandler                      0x08000227   Thumb Code     0  startup_at32f415.o(.text)
    CAN1_SE_IRQHandler                       0x08000227   Thumb Code     0  startup_at32f415.o(.text)
    CAN1_TX_IRQHandler                       0x08000227   Thumb Code     0  startup_at32f415.o(.text)
    CMP1_IRQHandler                          0x08000227   Thumb Code     0  startup_at32f415.o(.text)
    CMP2_IRQHandler                          0x08000227   Thumb Code     0  startup_at32f415.o(.text)
    CRM_IRQHandler                           0x08000227   Thumb Code     0  startup_at32f415.o(.text)
    DMA1_Channel1_IRQHandler                 0x08000227   Thumb Code     0  startup_at32f415.o(.text)
    DMA1_Channel2_IRQHandler                 0x08000227   Thumb Code     0  startup_at32f415.o(.text)
    DMA1_Channel3_IRQHandler                 0x08000227   Thumb Code     0  startup_at32f415.o(.text)
    DMA1_Channel4_IRQHandler                 0x08000227   Thumb Code     0  startup_at32f415.o(.text)
    DMA1_Channel5_IRQHandler                 0x08000227   Thumb Code     0  startup_at32f415.o(.text)
    DMA1_Channel6_IRQHandler                 0x08000227   Thumb Code     0  startup_at32f415.o(.text)
    DMA1_Channel7_IRQHandler                 0x08000227   Thumb Code     0  startup_at32f415.o(.text)
    DMA2_Channel1_IRQHandler                 0x08000227   Thumb Code     0  startup_at32f415.o(.text)
    DMA2_Channel2_IRQHandler                 0x08000227   Thumb Code     0  startup_at32f415.o(.text)
    DMA2_Channel3_IRQHandler                 0x08000227   Thumb Code     0  startup_at32f415.o(.text)
    DMA2_Channel4_5_IRQHandler               0x08000227   Thumb Code     0  startup_at32f415.o(.text)
    DMA2_Channel6_7_IRQHandler               0x08000227   Thumb Code     0  startup_at32f415.o(.text)
    ERTCAlarm_IRQHandler                     0x08000227   Thumb Code     0  startup_at32f415.o(.text)
    ERTC_WKUP_IRQHandler                     0x08000227   Thumb Code     0  startup_at32f415.o(.text)
    EXINT0_IRQHandler                        0x08000227   Thumb Code     0  startup_at32f415.o(.text)
    EXINT15_10_IRQHandler                    0x08000227   Thumb Code     0  startup_at32f415.o(.text)
    EXINT1_IRQHandler                        0x08000227   Thumb Code     0  startup_at32f415.o(.text)
    EXINT2_IRQHandler                        0x08000227   Thumb Code     0  startup_at32f415.o(.text)
    EXINT3_IRQHandler                        0x08000227   Thumb Code     0  startup_at32f415.o(.text)
    EXINT4_IRQHandler                        0x08000227   Thumb Code     0  startup_at32f415.o(.text)
    EXINT9_5_IRQHandler                      0x08000227   Thumb Code     0  startup_at32f415.o(.text)
    FLASH_IRQHandler                         0x08000227   Thumb Code     0  startup_at32f415.o(.text)
    I2C1_ERR_IRQHandler                      0x08000227   Thumb Code     0  startup_at32f415.o(.text)
    I2C1_EVT_IRQHandler                      0x08000227   Thumb Code     0  startup_at32f415.o(.text)
    I2C2_ERR_IRQHandler                      0x08000227   Thumb Code     0  startup_at32f415.o(.text)
    I2C2_EVT_IRQHandler                      0x08000227   Thumb Code     0  startup_at32f415.o(.text)
    OTGFS1_IRQHandler                        0x08000227   Thumb Code     0  startup_at32f415.o(.text)
    OTGFS1_WKUP_IRQHandler                   0x08000227   Thumb Code     0  startup_at32f415.o(.text)
    PVM_IRQHandler                           0x08000227   Thumb Code     0  startup_at32f415.o(.text)
    SDIO1_IRQHandler                         0x08000227   Thumb Code     0  startup_at32f415.o(.text)
    SPI1_IRQHandler                          0x08000227   Thumb Code     0  startup_at32f415.o(.text)
    SPI2_IRQHandler                          0x08000227   Thumb Code     0  startup_at32f415.o(.text)
    TAMP_STAMP_IRQHandler                    0x08000227   Thumb Code     0  startup_at32f415.o(.text)
    TMR1_BRK_TMR9_IRQHandler                 0x08000227   Thumb Code     0  startup_at32f415.o(.text)
    TMR1_CH_IRQHandler                       0x08000227   Thumb Code     0  startup_at32f415.o(.text)
    TMR1_OVF_TMR10_IRQHandler                0x08000227   Thumb Code     0  startup_at32f415.o(.text)
    TMR1_TRG_HALL_TMR11_IRQHandler           0x08000227   Thumb Code     0  startup_at32f415.o(.text)
    TMR2_GLOBAL_IRQHandler                   0x08000227   Thumb Code     0  startup_at32f415.o(.text)
    TMR3_GLOBAL_IRQHandler                   0x08000227   Thumb Code     0  startup_at32f415.o(.text)
    TMR4_GLOBAL_IRQHandler                   0x08000227   Thumb Code     0  startup_at32f415.o(.text)
    TMR5_GLOBAL_IRQHandler                   0x08000227   Thumb Code     0  startup_at32f415.o(.text)
    UART4_IRQHandler                         0x08000227   Thumb Code     0  startup_at32f415.o(.text)
    UART5_IRQHandler                         0x08000227   Thumb Code     0  startup_at32f415.o(.text)
    USART1_IRQHandler                        0x08000227   Thumb Code     0  startup_at32f415.o(.text)
    USART2_IRQHandler                        0x08000227   Thumb Code     0  startup_at32f415.o(.text)
    USART3_IRQHandler                        0x08000227   Thumb Code     0  startup_at32f415.o(.text)
    WWDT_IRQHandler                          0x08000227   Thumb Code     0  startup_at32f415.o(.text)
    __user_initial_stackheap                 0x08000229   Thumb Code     0  startup_at32f415.o(.text)
    __use_no_semihosting                     0x0800024d   Thumb Code     2  use_no_semi_2.o(.text)
    __2printf                                0x08000251   Thumb Code    20  noretval__2printf.o(.text)
    putchar                                  0x08000269   Thumb Code     6  putchar.o(.text)
    __use_two_region_memory                  0x08000275   Thumb Code     2  heapauxi.o(.text)
    __rt_heap_escrow$2region                 0x08000277   Thumb Code     2  heapauxi.o(.text)
    __rt_heap_expand$2region                 0x08000279   Thumb Code     2  heapauxi.o(.text)
    __I$use$semihosting                      0x0800027b   Thumb Code     0  use_no_semi.o(.text)
    __use_no_semihosting_swi                 0x0800027b   Thumb Code     2  use_no_semi.o(.text)
    _printf_char_file                        0x0800027d   Thumb Code    32  _printf_char_file.o(.text)
    _printf_char_common                      0x080002ab   Thumb Code    32  _printf_char_common.o(.text)
    ferror                                   0x080002d1   Thumb Code     8  ferror.o(.text)
    __user_setup_stackheap                   0x080002d9   Thumb Code    74  sys_stackheap_outer.o(.text)
    __printf                                 0x08000323   Thumb Code    40  __printf_nopercent.o(.text)
    exit                                     0x0800034b   Thumb Code    18  exit.o(.text)
    __user_libspace                          0x0800035d   Thumb Code     8  libspace.o(.text)
    __user_perproc_libspace                  0x0800035d   Thumb Code     0  libspace.o(.text)
    __user_perthread_libspace                0x0800035d   Thumb Code     0  libspace.o(.text)
    BusFault_Handler                         0x08000365   Thumb Code     2  at32f415_int.o(.text.BusFault_Handler)
    DebugMon_Handler                         0x08000369   Thumb Code     2  at32f415_int.o(.text.DebugMon_Handler)
    HardFault_Handler                        0x0800036d   Thumb Code     2  at32f415_int.o(.text.HardFault_Handler)
    MemManage_Handler                        0x08000371   Thumb Code     2  at32f415_int.o(.text.MemManage_Handler)
    NMI_Handler                              0x08000375   Thumb Code     2  at32f415_int.o(.text.NMI_Handler)
    PendSV_Handler                           0x08000379   Thumb Code     2  at32f415_int.o(.text.PendSV_Handler)
    SVC_Handler                              0x0800037d   Thumb Code     2  at32f415_int.o(.text.SVC_Handler)
    SysTick_Handler                          0x08000381   Thumb Code     2  at32f415_int.o(.text.SysTick_Handler)
    SystemInit                               0x08000385   Thumb Code   124  system_at32f415.o(.text.SystemInit)
    UsageFault_Handler                       0x08000401   Thumb Code     2  at32f415_int.o(.text.UsageFault_Handler)
    _sys_exit                                0x08000405   Thumb Code     2  at32f415_board.o(.text._sys_exit)
    at32_board_init                          0x08000409   Thumb Code   276  at32f415_board.o(.text.at32_board_init)
    crm_ahb_div_set                          0x0800051d   Thumb Code    26  at32f415_crm.o(.text.crm_ahb_div_set)
    crm_apb1_div_set                         0x08000539   Thumb Code    26  at32f415_crm.o(.text.crm_apb1_div_set)
    crm_apb2_div_set                         0x08000555   Thumb Code    26  at32f415_crm.o(.text.crm_apb2_div_set)
    crm_auto_step_mode_enable                0x08000571   Thumb Code    24  at32f415_crm.o(.text.crm_auto_step_mode_enable)
    crm_clock_source_enable                  0x08000589   Thumb Code   122  at32f415_crm.o(.text.crm_clock_source_enable)
    crm_clocks_freq_get                      0x08000605   Thumb Code   264  at32f415_crm.o(.text.crm_clocks_freq_get)
    crm_flag_get                             0x08000725   Thumb Code    26  at32f415_crm.o(.text.crm_flag_get)
    crm_hext_stable_wait                     0x08000741   Thumb Code    36  at32f415_crm.o(.text.crm_hext_stable_wait)
    crm_periph_clock_enable                  0x08000765   Thumb Code    40  at32f415_crm.o(.text.crm_periph_clock_enable)
    crm_pll_config                           0x0800078d   Thumb Code   126  at32f415_crm.o(.text.crm_pll_config)
    crm_reset                                0x0800080d   Thumb Code    78  at32f415_crm.o(.text.crm_reset)
    crm_sysclk_switch                        0x0800085d   Thumb Code    18  at32f415_crm.o(.text.crm_sysclk_switch)
    crm_sysclk_switch_status_get             0x08000871   Thumb Code    16  at32f415_crm.o(.text.crm_sysclk_switch_status_get)
    fputc                                    0x08000881   Thumb Code    36  at32f415_board.o(.text.fputc)
    gpio_default_para_init                   0x080008a5   Thumb Code    18  at32f415_gpio.o(.text.gpio_default_para_init)
    gpio_init                                0x080008b9   Thumb Code   190  at32f415_gpio.o(.text.gpio_init)
    main                                     0x08000979   Thumb Code   208  main.o(.text.main)
    system_clock_config                      0x08000aa5   Thumb Code   112  at32f415_clock.o(.text.system_clock_config)
    system_core_clock_update                 0x08000b15   Thumb Code   224  system_at32f415.o(.text.system_core_clock_update)
    systick_clock_source_config              0x08000c05   Thumb Code    24  at32f415_misc.o(.text.systick_clock_source_config)
    uart_print_init                          0x08000c1d   Thumb Code   130  at32f415_board.o(.text.uart_print_init)
    usart_configuration                      0x08000ca1   Thumb Code   150  main.o(.text.usart_configuration)
    usart_data_receive                       0x08000d39   Thumb Code     6  at32f415_usart.o(.text.usart_data_receive)
    usart_data_transmit                      0x08000d41   Thumb Code     8  at32f415_usart.o(.text.usart_data_transmit)
    usart_enable                             0x08000d49   Thumb Code    18  at32f415_usart.o(.text.usart_enable)
    usart_flag_get                           0x08000d5d   Thumb Code    10  at32f415_usart.o(.text.usart_flag_get)
    usart_hardware_flow_control_set          0x08000d69   Thumb Code    66  at32f415_usart.o(.text.usart_hardware_flow_control_set)
    usart_init                               0x08000dad   Thumb Code   134  at32f415_usart.o(.text.usart_init)
    usart_parity_selection_config            0x08000e35   Thumb Code    58  at32f415_usart.o(.text.usart_parity_selection_config)
    usart_receiver_enable                    0x08000e71   Thumb Code    18  at32f415_usart.o(.text.usart_receiver_enable)
    usart_transmitter_enable                 0x08000e85   Thumb Code    18  at32f415_usart.o(.text.usart_transmitter_enable)
    Region$$Table$$Base                      0x08000ea4   Number         0  anon$$obj.o(Region$$Table)
    Region$$Table$$Limit                     0x08000ec4   Number         0  anon$$obj.o(Region$$Table)
    led_gpio_crm_clk                         0x20000000   Data          12  at32f415_board.o(.data.led_gpio_crm_clk)
    led_gpio_pin                             0x2000000c   Data           6  at32f415_board.o(.data.led_gpio_pin)
    led_gpio_port                            0x20000014   Data          12  at32f415_board.o(.data.led_gpio_port)
    system_core_clock                        0x20000020   Data           4  system_at32f415.o(.data.system_core_clock)
    __libspace_start                         0x20000028   Data          96  libspace.o(.bss)
    __stdout                                 0x20000088   Data          84  at32f415_board.o(.bss.__stdout)
    __temporary_stack_top$libspace           0x20000088   Data           0  libspace.o(.bss)
    receivingComplete                        0x200000e4   Data           1  main.o(.bss.receivingComplete)
    usart2_rx_buffer                         0x200000e6   Data           4  main.o(.bss.usart2_rx_buffer)



==============================================================================

Memory Map of the image

  Image Entry point : 0x08000171

  Load Region LR_IROM1 (Base: 0x08000000, Size: 0x00000ef0, Max: 0x00040000, ABSOLUTE)

    Execution Region ER_IROM1 (Exec base: 0x08000000, Load base: 0x08000000, Size: 0x00000ec4, Max: 0x00040000, ABSOLUTE)

    Exec Addr    Load Addr    Size         Type   Attr      Idx    E Section Name        Object

    0x08000000   0x08000000   0x00000170   Data   RO          325    RESET               startup_at32f415.o
    0x08000170   0x08000170   0x00000008   Code   RO          344  * !!!main             c_w.l(__main.o)
    0x08000178   0x08000178   0x00000034   Code   RO          511    !!!scatter          c_w.l(__scatter.o)
    0x080001ac   0x080001ac   0x0000001a   Code   RO          513    !!handler_copy      c_w.l(__scatter_copy.o)
    0x080001c6   0x080001c6   0x00000002   PAD
    0x080001c8   0x080001c8   0x0000001c   Code   RO          515    !!handler_zi        c_w.l(__scatter_zi.o)
    0x080001e4   0x080001e4   0x00000002   Code   RO          383    .ARM.Collect$$libinit$$00000000  c_w.l(libinit.o)
    0x080001e6   0x080001e6   0x00000000   Code   RO          390    .ARM.Collect$$libinit$$00000002  c_w.l(libinit2.o)
    0x080001e6   0x080001e6   0x00000000   Code   RO          392    .ARM.Collect$$libinit$$00000004  c_w.l(libinit2.o)
    0x080001e6   0x080001e6   0x00000000   Code   RO          394    .ARM.Collect$$libinit$$00000006  c_w.l(libinit2.o)
    0x080001e6   0x080001e6   0x00000000   Code   RO          397    .ARM.Collect$$libinit$$0000000C  c_w.l(libinit2.o)
    0x080001e6   0x080001e6   0x00000000   Code   RO          399    .ARM.Collect$$libinit$$0000000E  c_w.l(libinit2.o)
    0x080001e6   0x080001e6   0x00000000   Code   RO          401    .ARM.Collect$$libinit$$00000010  c_w.l(libinit2.o)
    0x080001e6   0x080001e6   0x00000000   Code   RO          404    .ARM.Collect$$libinit$$00000013  c_w.l(libinit2.o)
    0x080001e6   0x080001e6   0x00000000   Code   RO          406    .ARM.Collect$$libinit$$00000015  c_w.l(libinit2.o)
    0x080001e6   0x080001e6   0x00000000   Code   RO          408    .ARM.Collect$$libinit$$00000017  c_w.l(libinit2.o)
    0x080001e6   0x080001e6   0x00000000   Code   RO          410    .ARM.Collect$$libinit$$00000019  c_w.l(libinit2.o)
    0x080001e6   0x080001e6   0x00000000   Code   RO          412    .ARM.Collect$$libinit$$0000001B  c_w.l(libinit2.o)
    0x080001e6   0x080001e6   0x00000000   Code   RO          414    .ARM.Collect$$libinit$$0000001D  c_w.l(libinit2.o)
    0x080001e6   0x080001e6   0x00000000   Code   RO          416    .ARM.Collect$$libinit$$0000001F  c_w.l(libinit2.o)
    0x080001e6   0x080001e6   0x00000000   Code   RO          418    .ARM.Collect$$libinit$$00000021  c_w.l(libinit2.o)
    0x080001e6   0x080001e6   0x00000000   Code   RO          420    .ARM.Collect$$libinit$$00000023  c_w.l(libinit2.o)
    0x080001e6   0x080001e6   0x00000000   Code   RO          422    .ARM.Collect$$libinit$$00000025  c_w.l(libinit2.o)
    0x080001e6   0x080001e6   0x00000000   Code   RO          424    .ARM.Collect$$libinit$$00000027  c_w.l(libinit2.o)
    0x080001e6   0x080001e6   0x00000000   Code   RO          428    .ARM.Collect$$libinit$$0000002E  c_w.l(libinit2.o)
    0x080001e6   0x080001e6   0x00000000   Code   RO          430    .ARM.Collect$$libinit$$00000030  c_w.l(libinit2.o)
    0x080001e6   0x080001e6   0x00000000   Code   RO          432    .ARM.Collect$$libinit$$00000032  c_w.l(libinit2.o)
    0x080001e6   0x080001e6   0x00000000   Code   RO          434    .ARM.Collect$$libinit$$00000034  c_w.l(libinit2.o)
    0x080001e6   0x080001e6   0x00000002   Code   RO          435    .ARM.Collect$$libinit$$00000035  c_w.l(libinit2.o)
    0x080001e8   0x080001e8   0x00000002   Code   RO          453    .ARM.Collect$$libshutdown$$00000000  c_w.l(libshutdown.o)
    0x080001ea   0x080001ea   0x00000000   Code   RO          465    .ARM.Collect$$libshutdown$$00000002  c_w.l(libshutdown2.o)
    0x080001ea   0x080001ea   0x00000000   Code   RO          467    .ARM.Collect$$libshutdown$$00000004  c_w.l(libshutdown2.o)
    0x080001ea   0x080001ea   0x00000000   Code   RO          470    .ARM.Collect$$libshutdown$$00000007  c_w.l(libshutdown2.o)
    0x080001ea   0x080001ea   0x00000000   Code   RO          473    .ARM.Collect$$libshutdown$$0000000A  c_w.l(libshutdown2.o)
    0x080001ea   0x080001ea   0x00000000   Code   RO          475    .ARM.Collect$$libshutdown$$0000000C  c_w.l(libshutdown2.o)
    0x080001ea   0x080001ea   0x00000000   Code   RO          478    .ARM.Collect$$libshutdown$$0000000F  c_w.l(libshutdown2.o)
    0x080001ea   0x080001ea   0x00000002   Code   RO          479    .ARM.Collect$$libshutdown$$00000010  c_w.l(libshutdown2.o)
    0x080001ec   0x080001ec   0x00000000   Code   RO          348    .ARM.Collect$$rtentry$$00000000  c_w.l(__rtentry.o)
    0x080001ec   0x080001ec   0x00000000   Code   RO          352    .ARM.Collect$$rtentry$$00000002  c_w.l(__rtentry2.o)
    0x080001ec   0x080001ec   0x00000006   Code   RO          364    .ARM.Collect$$rtentry$$00000004  c_w.l(__rtentry4.o)
    0x080001f2   0x080001f2   0x00000000   Code   RO          354    .ARM.Collect$$rtentry$$00000009  c_w.l(__rtentry2.o)
    0x080001f2   0x080001f2   0x00000004   Code   RO          355    .ARM.Collect$$rtentry$$0000000A  c_w.l(__rtentry2.o)
    0x080001f6   0x080001f6   0x00000000   Code   RO          357    .ARM.Collect$$rtentry$$0000000C  c_w.l(__rtentry2.o)
    0x080001f6   0x080001f6   0x00000008   Code   RO          358    .ARM.Collect$$rtentry$$0000000D  c_w.l(__rtentry2.o)
    0x080001fe   0x080001fe   0x00000002   Code   RO          387    .ARM.Collect$$rtexit$$00000000  c_w.l(rtexit.o)
    0x08000200   0x08000200   0x00000000   Code   RO          437    .ARM.Collect$$rtexit$$00000002  c_w.l(rtexit2.o)
    0x08000200   0x08000200   0x00000004   Code   RO          438    .ARM.Collect$$rtexit$$00000003  c_w.l(rtexit2.o)
    0x08000204   0x08000204   0x00000006   Code   RO          439    .ARM.Collect$$rtexit$$00000004  c_w.l(rtexit2.o)
    0x0800020a   0x0800020a   0x00000002   PAD
    0x0800020c   0x0800020c   0x00000040   Code   RO          326    .text               startup_at32f415.o
    0x0800024c   0x0800024c   0x00000002   Code   RO          334    .text               c_w.l(use_no_semi_2.o)
    0x0800024e   0x0800024e   0x00000002   PAD
    0x08000250   0x08000250   0x00000018   Code   RO          338    .text               c_w.l(noretval__2printf.o)
    0x08000268   0x08000268   0x0000000c   Code   RO          340    .text               c_w.l(putchar.o)
    0x08000274   0x08000274   0x00000006   Code   RO          342    .text               c_w.l(heapauxi.o)
    0x0800027a   0x0800027a   0x00000002   Code   RO          346    .text               c_w.l(use_no_semi.o)
    0x0800027c   0x0800027c   0x00000024   Code   RO          349    .text               c_w.l(_printf_char_file.o)
    0x080002a0   0x080002a0   0x00000030   Code   RO          366    .text               c_w.l(_printf_char_common.o)
    0x080002d0   0x080002d0   0x00000008   Code   RO          368    .text               c_w.l(ferror.o)
    0x080002d8   0x080002d8   0x0000004a   Code   RO          372    .text               c_w.l(sys_stackheap_outer.o)
    0x08000322   0x08000322   0x00000028   Code   RO          374    .text               c_w.l(__printf_nopercent.o)
    0x0800034a   0x0800034a   0x00000012   Code   RO          376    .text               c_w.l(exit.o)
    0x0800035c   0x0800035c   0x00000008   Code   RO          384    .text               c_w.l(libspace.o)
    0x08000364   0x08000364   0x00000002   Code   RO           16    .text.BusFault_Handler  at32f415_int.o
    0x08000366   0x08000366   0x00000002   PAD
    0x08000368   0x08000368   0x00000002   Code   RO           22    .text.DebugMon_Handler  at32f415_int.o
    0x0800036a   0x0800036a   0x00000002   PAD
    0x0800036c   0x0800036c   0x00000002   Code   RO           12    .text.HardFault_Handler  at32f415_int.o
    0x0800036e   0x0800036e   0x00000002   PAD
    0x08000370   0x08000370   0x00000002   Code   RO           14    .text.MemManage_Handler  at32f415_int.o
    0x08000372   0x08000372   0x00000002   PAD
    0x08000374   0x08000374   0x00000002   Code   RO           10    .text.NMI_Handler   at32f415_int.o
    0x08000376   0x08000376   0x00000002   PAD
    0x08000378   0x08000378   0x00000002   Code   RO           24    .text.PendSV_Handler  at32f415_int.o
    0x0800037a   0x0800037a   0x00000002   PAD
    0x0800037c   0x0800037c   0x00000002   Code   RO           20    .text.SVC_Handler   at32f415_int.o
    0x0800037e   0x0800037e   0x00000002   PAD
    0x08000380   0x08000380   0x00000002   Code   RO           26    .text.SysTick_Handler  at32f415_int.o
    0x08000382   0x08000382   0x00000002   PAD
    0x08000384   0x08000384   0x0000007c   Code   RO          311    .text.SystemInit    system_at32f415.o
    0x08000400   0x08000400   0x00000002   Code   RO           18    .text.UsageFault_Handler  at32f415_int.o
    0x08000402   0x08000402   0x00000002   PAD
    0x08000404   0x08000404   0x00000002   Code   RO           52    .text._sys_exit     at32f415_board.o
    0x08000406   0x08000406   0x00000002   PAD
    0x08000408   0x08000408   0x00000114   Code   RO           60    .text.at32_board_init  at32f415_board.o
    0x0800051c   0x0800051c   0x0000001a   Code   RO          170    .text.crm_ahb_div_set  at32f415_crm.o
    0x08000536   0x08000536   0x00000002   PAD
    0x08000538   0x08000538   0x0000001a   Code   RO          172    .text.crm_apb1_div_set  at32f415_crm.o
    0x08000552   0x08000552   0x00000002   PAD
    0x08000554   0x08000554   0x0000001a   Code   RO          174    .text.crm_apb2_div_set  at32f415_crm.o
    0x0800056e   0x0800056e   0x00000002   PAD
    0x08000570   0x08000570   0x00000018   Code   RO          198    .text.crm_auto_step_mode_enable  at32f415_crm.o
    0x08000588   0x08000588   0x0000007a   Code   RO          162    .text.crm_clock_source_enable  at32f415_crm.o
    0x08000602   0x08000602   0x00000002   PAD
    0x08000604   0x08000604   0x00000120   Code   RO          192    .text.crm_clocks_freq_get  at32f415_crm.o
    0x08000724   0x08000724   0x0000001a   Code   RO          148    .text.crm_flag_get  at32f415_crm.o
    0x0800073e   0x0800073e   0x00000002   PAD
    0x08000740   0x08000740   0x00000024   Code   RO          150    .text.crm_hext_stable_wait  at32f415_crm.o
    0x08000764   0x08000764   0x00000028   Code   RO          156    .text.crm_periph_clock_enable  at32f415_crm.o
    0x0800078c   0x0800078c   0x0000007e   Code   RO          184    .text.crm_pll_config  at32f415_crm.o
    0x0800080a   0x0800080a   0x00000002   PAD
    0x0800080c   0x0800080c   0x0000004e   Code   RO          142    .text.crm_reset     at32f415_crm.o
    0x0800085a   0x0800085a   0x00000002   PAD
    0x0800085c   0x0800085c   0x00000012   Code   RO          188    .text.crm_sysclk_switch  at32f415_crm.o
    0x0800086e   0x0800086e   0x00000002   PAD
    0x08000870   0x08000870   0x00000010   Code   RO          190    .text.crm_sysclk_switch_status_get  at32f415_crm.o
    0x08000880   0x08000880   0x00000024   Code   RO           56    .text.fputc         at32f415_board.o
    0x080008a4   0x080008a4   0x00000012   Code   RO          105    .text.gpio_default_para_init  at32f415_gpio.o
    0x080008b6   0x080008b6   0x00000002   PAD
    0x080008b8   0x080008b8   0x000000be   Code   RO          103    .text.gpio_init     at32f415_gpio.o
    0x08000976   0x08000976   0x00000002   PAD
    0x08000978   0x08000978   0x0000012c   Code   RO           37    .text.main          main.o
    0x08000aa4   0x08000aa4   0x00000070   Code   RO            2    .text.system_clock_config  at32f415_clock.o
    0x08000b14   0x08000b14   0x000000f0   Code   RO          313    .text.system_core_clock_update  system_at32f415.o
    0x08000c04   0x08000c04   0x00000018   Code   RO          301    .text.systick_clock_source_config  at32f415_misc.o
    0x08000c1c   0x08000c1c   0x00000082   Code   RO           58    .text.uart_print_init  at32f415_board.o
    0x08000c9e   0x08000c9e   0x00000002   PAD
    0x08000ca0   0x08000ca0   0x00000096   Code   RO           35    .text.usart_configuration  main.o
    0x08000d36   0x08000d36   0x00000002   PAD
    0x08000d38   0x08000d38   0x00000006   Code   RO          255    .text.usart_data_receive  at32f415_usart.o
    0x08000d3e   0x08000d3e   0x00000002   PAD
    0x08000d40   0x08000d40   0x00000008   Code   RO          253    .text.usart_data_transmit  at32f415_usart.o
    0x08000d48   0x08000d48   0x00000012   Code   RO          227    .text.usart_enable  at32f415_usart.o
    0x08000d5a   0x08000d5a   0x00000002   PAD
    0x08000d5c   0x08000d5c   0x0000000a   Code   RO          275    .text.usart_flag_get  at32f415_usart.o
    0x08000d66   0x08000d66   0x00000002   PAD
    0x08000d68   0x08000d68   0x00000042   Code   RO          273    .text.usart_hardware_flow_control_set  at32f415_usart.o
    0x08000daa   0x08000daa   0x00000002   PAD
    0x08000dac   0x08000dac   0x00000086   Code   RO          223    .text.usart_init    at32f415_usart.o
    0x08000e32   0x08000e32   0x00000002   PAD
    0x08000e34   0x08000e34   0x0000003a   Code   RO          225    .text.usart_parity_selection_config  at32f415_usart.o
    0x08000e6e   0x08000e6e   0x00000002   PAD
    0x08000e70   0x08000e70   0x00000012   Code   RO          231    .text.usart_receiver_enable  at32f415_usart.o
    0x08000e82   0x08000e82   0x00000002   PAD
    0x08000e84   0x08000e84   0x00000012   Code   RO          229    .text.usart_transmitter_enable  at32f415_usart.o
    0x08000e96   0x08000e96   0x00000008   Data   RO          212    .rodata.cst8        at32f415_crm.o
    0x08000e9e   0x08000e9e   0x00000003   Data   RO           42    .rodata.str1.1      main.o
    0x08000ea1   0x08000ea1   0x00000003   PAD
    0x08000ea4   0x08000ea4   0x00000020   Data   RO          510    Region$$Table       anon$$obj.o


    Execution Region RW_IRAM1 (Exec base: 0x20000000, Load base: 0x08000ec8, Size: 0x000006f0, Max: 0x00008000, ABSOLUTE)

    Exec Addr    Load Addr    Size         Type   Attr      Idx    E Section Name        Object

    0x20000000   0x08000ec8   0x0000000c   Data   RW           86    .data.led_gpio_crm_clk  at32f415_board.o
    0x2000000c   0x08000ed4   0x00000006   Data   RW           85    .data.led_gpio_pin  at32f415_board.o
    0x20000012   0x08000eda   0x00000002   PAD
    0x20000014   0x08000edc   0x0000000c   Data   RW           84    .data.led_gpio_port  at32f415_board.o
    0x20000020   0x08000ee8   0x00000004   Data   RW          315    .data.system_core_clock  system_at32f415.o
    0x20000024   0x08000eec   0x00000004   PAD
    0x20000028        -       0x00000060   Zero   RW          385    .bss                c_w.l(libspace.o)
    0x20000088        -       0x00000054   Zero   RW           90    .bss.__stdout       at32f415_board.o
    0x200000dc        -       0x00000004   Zero   RW           89    .bss.fac_ms         at32f415_board.o
    0x200000e0        -       0x00000004   Zero   RW           88    .bss.fac_us         at32f415_board.o
    0x200000e4        -       0x00000001   Zero   RW           40    .bss.receivingComplete  main.o
    0x200000e5   0x08000eec   0x00000001   PAD
    0x200000e6        -       0x00000004   Zero   RW           41    .bss.usart2_rx_buffer  main.o
    0x200000ea   0x08000eec   0x00000006   PAD
    0x200000f0        -       0x00000200   Zero   RW          324    HEAP                startup_at32f415.o
    0x200002f0        -       0x00000400   Zero   RW          323    STACK               startup_at32f415.o


==============================================================================

Image component sizes


      Code (inc. data)   RO Data    RW Data    ZI Data      Debug   Object Name

       444          0          0         30         92      12965   at32f415_board.o
       112          0          0          0          0       6492   at32f415_clock.o
       852         30          8          0          0      21342   at32f415_crm.o
       208          0          0          0          0      13532   at32f415_gpio.o
        18          0          0          0          0       1088   at32f415_int.o
        24          0          0          0          0       6929   at32f415_misc.o
       336          4          0          0          0      10748   at32f415_usart.o
       450         92          3          0          5       8756   main.o
        64         26        368          0       1536       1012   startup_at32f415.o
       364         16          0          4          0       8317   system_at32f415.o

    ----------------------------------------------------------------------
      2930        168        414         36       1644      91181   Object Totals
         0          0         32          0          0          0   (incl. Generated)
        58          0          3          2         11          0   (incl. Padding)

    ----------------------------------------------------------------------

      Code (inc. data)   RO Data    RW Data    ZI Data      Debug   Library Member Name

         8          0          0          0          0         68   __main.o
        40          0          0          0          0         84   __printf_nopercent.o
         0          0          0          0          0          0   __rtentry.o
        12          0          0          0          0          0   __rtentry2.o
         6          0          0          0          0          0   __rtentry4.o
        52          8          0          0          0          0   __scatter.o
        26          0          0          0          0          0   __scatter_copy.o
        28          0          0          0          0          0   __scatter_zi.o
        48          6          0          0          0         96   _printf_char_common.o
        36          4          0          0          0         80   _printf_char_file.o
        18          0          0          0          0         80   exit.o
         8          0          0          0          0         68   ferror.o
         6          0          0          0          0        152   heapauxi.o
         2          0          0          0          0          0   libinit.o
         2          0          0          0          0          0   libinit2.o
         2          0          0          0          0          0   libshutdown.o
         2          0          0          0          0          0   libshutdown2.o
         8          4          0          0         96         68   libspace.o
        24          4          0          0          0         84   noretval__2printf.o
        12          6          0          0          0         68   putchar.o
         2          0          0          0          0          0   rtexit.o
        10          0          0          0          0          0   rtexit2.o
        74          0          0          0          0         80   sys_stackheap_outer.o
         2          0          0          0          0         68   use_no_semi.o
         2          0          0          0          0         68   use_no_semi_2.o

    ----------------------------------------------------------------------
       436         32          0          0         96       1064   Library Totals
         6          0          0          0          0          0   (incl. Padding)

    ----------------------------------------------------------------------

      Code (inc. data)   RO Data    RW Data    ZI Data      Debug   Library Name

       430         32          0          0         96       1064   c_w.l

    ----------------------------------------------------------------------
       436         32          0          0         96       1064   Library Totals

    ----------------------------------------------------------------------

==============================================================================


      Code (inc. data)   RO Data    RW Data    ZI Data      Debug   

      3366        200        414         36       1740      91665   Grand Totals
      3366        200        414         36       1740      91665   ELF Image Totals
      3366        200        414         36          0          0   ROM Totals

==============================================================================

    Total RO  Size (Code + RO Data)                 3780 (   3.69kB)
    Total RW  Size (RW Data + ZI Data)              1776 (   1.73kB)
    Total ROM Size (Code + RO Data + RW Data)       3816 (   3.73kB)

==============================================================================

